Component: ARM Compiler 5.06 update 5 (build 528) Tool: armlink [4d35e2]

==============================================================================

Section Cross References

    startup_stm32f401xe.o(RESET) refers to startup_stm32f401xe.o(STACK) for __initial_sp
    startup_stm32f401xe.o(RESET) refers to startup_stm32f401xe.o(.text) for Reset_Handler
    startup_stm32f401xe.o(RESET) refers to stm32f4xx_it.o(i.NMI_Handler) for NMI_Handler
    startup_stm32f401xe.o(RESET) refers to stm32f4xx_it.o(i.HardFault_Handler) for HardFault_Handler
    startup_stm32f401xe.o(RESET) refers to stm32f4xx_it.o(i.MemManage_Handler) for MemManage_Handler
    startup_stm32f401xe.o(RESET) refers to stm32f4xx_it.o(i.BusFault_Handler) for BusFault_Handler
    startup_stm32f401xe.o(RESET) refers to stm32f4xx_it.o(i.UsageFault_Handler) for UsageFault_Handler
    startup_stm32f401xe.o(RESET) refers to stm32f4xx_it.o(i.SVC_Handler) for SVC_Handler
    startup_stm32f401xe.o(RESET) refers to stm32f4xx_it.o(i.DebugMon_Handler) for DebugMon_Handler
    startup_stm32f401xe.o(RESET) refers to switch.o(.emb_text) for PendSV_Handler
    startup_stm32f401xe.o(RESET) refers to tcpu.o(i.SysTick_Handler) for SysTick_Handler
    startup_stm32f401xe.o(RESET) refers to stm32f4xx_it.o(i.TIM4_IRQHandler) for TIM4_IRQHandler
    startup_stm32f401xe.o(RESET) refers to stm32f4xx_it.o(i.USART1_IRQHandler) for USART1_IRQHandler
    startup_stm32f401xe.o(.text) refers to system_stm32f4xx.o(i.SystemInit) for SystemInit
    startup_stm32f401xe.o(.text) refers to entry.o(.ARM.Collect$$$$00000000) for __main
    main.o(i.SystemClock_Config) refers to memseta.o(.text) for __aeabi_memclr4
    main.o(i.SystemClock_Config) refers to stm32f4xx_hal_rcc.o(i.HAL_RCC_OscConfig) for HAL_RCC_OscConfig
    main.o(i.SystemClock_Config) refers to stm32f4xx_hal_rcc.o(i.HAL_RCC_ClockConfig) for HAL_RCC_ClockConfig
    main.o(i.idleTaskEntry) refers to app.o(i.tInitApp) for tInitApp
    main.o(i.idleTaskEntry) refers to tcpu.o(i.tSetSysTickPeriod) for tSetSysTickPeriod
    main.o(i.idleTaskEntry) refers to stm32f4xx_hal.o(i.HAL_Init) for HAL_Init
    main.o(i.idleTaskEntry) refers to main.o(i.SystemClock_Config) for SystemClock_Config
    main.o(i.idleTaskEntry) refers to gpio.o(i.MX_GPIO_Init) for MX_GPIO_Init
    main.o(i.idleTaskEntry) refers to usart.o(i.MX_USART1_UART_Init) for MX_USART1_UART_Init
    main.o(i.idleTaskEntry) refers to tim.o(i.MX_TIM3_Init) for MX_TIM3_Init
    main.o(i.idleTaskEntry) refers to tim.o(i.MX_TIM4_Init) for MX_TIM4_Init
    main.o(i.idleTaskEntry) refers to myserial.o(i.MySerial_Init) for MySerial_Init
    main.o(i.main) refers to tinyos.o(i.tTinyOSInit) for tTinyOSInit
    main.o(i.main) refers to ttask.o(i.tTaskInit) for tTaskInit
    main.o(i.main) refers to tinyos.o(i.tTinyOSStart) for tTinyOSStart
    main.o(i.main) refers to main.o(.bss) for .bss
    main.o(i.main) refers to main.o(i.idleTaskEntry) for idleTaskEntry
    gpio.o(i.MX_GPIO_Init) refers to memseta.o(.text) for __aeabi_memclr4
    gpio.o(i.MX_GPIO_Init) refers to stm32f4xx_hal_gpio.o(i.HAL_GPIO_WritePin) for HAL_GPIO_WritePin
    gpio.o(i.MX_GPIO_Init) refers to stm32f4xx_hal_gpio.o(i.HAL_GPIO_Init) for HAL_GPIO_Init
    tim.o(i.HAL_TIM_IC_MspDeInit) refers to stm32f4xx_hal_gpio.o(i.HAL_GPIO_DeInit) for HAL_GPIO_DeInit
    tim.o(i.HAL_TIM_IC_MspDeInit) refers to stm32f4xx_hal_cortex.o(i.HAL_NVIC_DisableIRQ) for HAL_NVIC_DisableIRQ
    tim.o(i.HAL_TIM_IC_MspInit) refers to memseta.o(.text) for __aeabi_memclr4
    tim.o(i.HAL_TIM_IC_MspInit) refers to stm32f4xx_hal_gpio.o(i.HAL_GPIO_Init) for HAL_GPIO_Init
    tim.o(i.HAL_TIM_IC_MspInit) refers to stm32f4xx_hal_cortex.o(i.HAL_NVIC_SetPriority) for HAL_NVIC_SetPriority
    tim.o(i.HAL_TIM_IC_MspInit) refers to stm32f4xx_hal_cortex.o(i.HAL_NVIC_EnableIRQ) for HAL_NVIC_EnableIRQ
    tim.o(i.HAL_TIM_MspPostInit) refers to memseta.o(.text) for __aeabi_memclr4
    tim.o(i.HAL_TIM_MspPostInit) refers to stm32f4xx_hal_gpio.o(i.HAL_GPIO_Init) for HAL_GPIO_Init
    tim.o(i.MX_TIM3_Init) refers to memseta.o(.text) for __aeabi_memclr4
    tim.o(i.MX_TIM3_Init) refers to stm32f4xx_hal_tim.o(i.HAL_TIM_PWM_Init) for HAL_TIM_PWM_Init
    tim.o(i.MX_TIM3_Init) refers to main.o(i.Error_Handler) for Error_Handler
    tim.o(i.MX_TIM3_Init) refers to stm32f4xx_hal_tim_ex.o(i.HAL_TIMEx_MasterConfigSynchronization) for HAL_TIMEx_MasterConfigSynchronization
    tim.o(i.MX_TIM3_Init) refers to stm32f4xx_hal_tim.o(i.HAL_TIM_PWM_ConfigChannel) for HAL_TIM_PWM_ConfigChannel
    tim.o(i.MX_TIM3_Init) refers to tim.o(i.HAL_TIM_MspPostInit) for HAL_TIM_MspPostInit
    tim.o(i.MX_TIM3_Init) refers to tim.o(.bss) for .bss
    tim.o(i.MX_TIM4_Init) refers to stm32f4xx_hal_tim.o(i.HAL_TIM_IC_Init) for HAL_TIM_IC_Init
    tim.o(i.MX_TIM4_Init) refers to main.o(i.Error_Handler) for Error_Handler
    tim.o(i.MX_TIM4_Init) refers to stm32f4xx_hal_tim_ex.o(i.HAL_TIMEx_MasterConfigSynchronization) for HAL_TIMEx_MasterConfigSynchronization
[...]
    Removing mymadgwick.o(i.Func), (106 bytes).
    Removing mymadgwick.o(i.fast_inverse_sqrt), (44 bytes).
    Removing mymadgwick.o(i.gra), (162 bytes).
    Removing mymadgwick.o(i.jacobi), (152 bytes).
    Removing mymadgwick.o(i.merge), (188 bytes).
    Removing mymadgwick.o(i.quaternion_add), (66 bytes).
    Removing mymadgwick.o(i.quaternion_mul), (210 bytes).
    Removing mymadgwick.o(i.quaternion_norm), (64 bytes).
    Removing mymadgwick.o(i.quaternion_normalization), (100 bytes).
    Removing mymadgwick.o(i.quaternion_scalar), (50 bytes).
    Removing mymadgwick.o(i.quaternion_sub), (66 bytes).
    Removing mymadgwick.o(i.quaternion_to_euler), (208 bytes).
    Removing mymadgwick.o(.bss), (16 bytes).
    Removing mymadgwick.o(.data), (32 bytes).
    Removing pid.o(.rev16_text), (4 bytes).
    Removing pid.o(.revsh_text), (4 bytes).
    Removing pid.o(.rrx_text), (6 bytes).
    Removing pid.o(i.PIDAngleProc_Init), (196 bytes).
    Removing pid.o(i.PIDAngleProc_Pitch), (4 bytes).
    Removing pid.o(i.PIDAngleProc_Roll), (4 bytes).
    Removing pid.o(i.PIDAngleProc_Yaw), (4 bytes).
    Removing pid.o(i.PID_Adjust), (6 bytes).
    Removing pid.o(i.PID_Calc), (132 bytes).
    Removing pid.o(i.PID_CascadeCalc), (38 bytes).
    Removing pid.o(i.PID_Init), (14 bytes).
    Removing attitudepidcontroller.o(.rev16_text), (4 bytes).
    Removing attitudepidcontroller.o(.revsh_text), (4 bytes).
    Removing attitudepidcontroller.o(.rrx_text), (6 bytes).
    Removing attitudepidcontroller.o(i.AttitudePIDController_Init), (92 bytes).
    Removing attitudepidcontroller.o(i.AttitudePIDController_ProcData), (132 bytes).
    Removing app.o(.rev16_text), (4 bytes).
    Removing app.o(.revsh_text), (4 bytes).
    Removing app.o(.rrx_text), (6 bytes).
    Removing app.o(.data), (4 bytes).
    Removing app.o(.data), (4 bytes).
    Removing app.o(.data), (4 bytes).
    Removing app.o(.data), (4 bytes).
    Removing switch.o(.rev16_text), (4 bytes).
    Removing switch.o(.revsh_text), (4 bytes).
    Removing switch.o(.rrx_text), (6 bytes).
    Removing tbitmap.o(i.tBitMapPosCount), (4 bytes).
    Removing tcpu.o(.rev16_text), (4 bytes).
    Removing tcpu.o(.revsh_text), (4 bytes).
    Removing tcpu.o(.rrx_text), (6 bytes).
    Removing tevent.o(i.tEventInit), (8 bytes).
    Removing tevent.o(i.tEventRemoveAll), (86 bytes).
    Removing tevent.o(i.tEventWait), (72 bytes).
    Removing tevent.o(i.tEventWaitCount), (28 bytes).
    Removing tevent.o(i.tEventWakeUp), (74 bytes).
    Removing tevent.o(i.tEventWakeUpTask), (72 bytes).
    Removing tlist.o(i.tListInsertAfter), (20 bytes).
    Removing tlist.o(i.tListLast), (12 bytes).
    Removing tlist.o(i.tListNext), (10 bytes).
    Removing tlist.o(i.tListPre), (10 bytes).
    Removing tlist.o(i.tListRemoveAll), (28 bytes).
    Removing ttask.o(i.tTaskDeleteSelf), (44 bytes).
    Removing ttask.o(i.tTaskForceDelete), (76 bytes).
    Removing ttask.o(i.tTaskGetInfo), (84 bytes).
    Removing ttask.o(i.tTaskIsRequestedDeleted), (28 bytes).
    Removing ttask.o(i.tTaskRequestDelete), (22 bytes).
    Removing ttask.o(i.tTaskSetCleanCallFunc), (6 bytes).
    Removing ttask.o(i.tTaskSuspend), (72 bytes).
    Removing ttask.o(i.tTaskWakeUp), (56 bytes).
    Removing tinyos.o(i.tTaskDelayedInit), (12 bytes).
    Removing tinyos.o(i.tTaskSchedDisable), (32 bytes).
    Removing tinyos.o(i.tTaskSchedEnable), (44 bytes).
    Removing tinyos.o(i.tTaskSchedRemove), (64 bytes).
    Removing tinyos.o(i.tTimeTaskRemove), (16 bytes).
    Removing tinyos.o(.data), (4 bytes).
    Removing dflti.o(.text), (34 bytes).
    Removing dfltui.o(.text), (26 bytes).
    Removing f2d.o(.text), (38 bytes).
    Removing cdcmple.o(.text), (48 bytes).
    Removing d2f.o(.text), (56 bytes).
    Removing fepilogue.o(.text), (110 bytes).
    Removing dsqrt.o(.text), (162 bytes).

546 unused section(s) (total 40674 bytes) removed from the image.

==============================================================================

Image Symbol Table

    Local Symbols

    Symbol Name                              Value     Ov Type        Size  Object(Section)

    ../Core/Src/gpio.c                       0x00000000   Number         0  gpio.o ABSOLUTE
    ../Core/Src/main.c                       0x00000000   Number         0  main.o ABSOLUTE
    ../Core/Src/stm32f4xx_hal_msp.c          0x00000000   Number         0  stm32f4xx_hal_msp.o ABSOLUTE
    ../Core/Src/stm32f4xx_it.c               0x00000000   Number         0  stm32f4xx_it.o ABSOLUTE
    ../Core/Src/system_stm32f4xx.c           0x00000000   Number         0  system_stm32f4xx.o ABSOLUTE
    ../Core/Src/tim.c                        0x00000000   Number         0  tim.o ABSOLUTE
    ../Core/Src/usart.c                      0x00000000   Number         0  usart.o ABSOLUTE
    ../Drivers/STM32F4xx_HAL_Driver/Src/stm32f4xx_hal.c 0x00000000   Number         0  stm32f4xx_hal.o ABSOLUTE
    ../Drivers/STM32F4xx_HAL_Driver/Src/stm32f4xx_hal_cortex.c 0x00000000   Number         0  stm32f4xx_hal_cortex.o ABSOLUTE
    ../Drivers/STM32F4xx_HAL_Driver/Src/stm32f4xx_hal_dma.c 0x00000000   Number         0  stm32f4xx_hal_dma.o ABSOLUTE
    ../Drivers/STM32F4xx_HAL_Driver/Src/stm32f4xx_hal_dma_ex.c 0x00000000   Number         0  stm32f4xx_hal_dma_ex.o ABSOLUTE
    ../Drivers/STM32F4xx_HAL_Driver/Src/stm32f4xx_hal_exti.c 0x00000000   Number         0  stm32f4xx_hal_exti.o ABSOLUTE
    ../Drivers/STM32F4xx_HAL_Driver/Src/stm32f4xx_hal_flash.c 0x00000000   Number         0  stm32f4xx_hal_flash.o ABSOLUTE
    ../Drivers/STM32F4xx_HAL_Driver/Src/stm32f4xx_hal_flash_ex.c 0x00000000   Number         0  stm32f4xx_hal_flash_ex.o ABSOLUTE
    ../Drivers/STM32F4xx_HAL_Driver/Src/stm32f4xx_hal_flash_ramfunc.c 0x00000000   Number         0  stm32f4xx_hal_flash_ramfunc.o ABSOLUTE
    ../Drivers/STM32F4xx_HAL_Driver/Src/stm32f4xx_hal_gpio.c 0x00000000   Number         0  stm32f4xx_hal_gpio.o ABSOLUTE
    ../Drivers/STM32F4xx_HAL_Driver/Src/stm32f4xx_hal_pwr.c 0x00000000   Number         0  stm32f4xx_hal_pwr.o ABSOLUTE
    ../Drivers/STM32F4xx_HAL_Driver/Src/stm32f4xx_hal_pwr_ex.c 0x00000000   Number         0  stm32f4xx_hal_pwr_ex.o ABSOLUTE
    ../Drivers/STM32F4xx_HAL_Driver/Src/stm32f4xx_hal_rcc.c 0x00000000   Number         0  stm32f4xx_hal_rcc.o ABSOLUTE
    ../Drivers/STM32F4xx_HAL_Driver/Src/stm32f4xx_hal_rcc_ex.c 0x00000000   Number         0  stm32f4xx_hal_rcc_ex.o ABSOLUTE
    ../Drivers/STM32F4xx_HAL_Driver/Src/stm32f4xx_hal_tim.c 0x00000000   Number         0  stm32f4xx_hal_tim.o ABSOLUTE
    ../Drivers/STM32F4xx_HAL_Driver/Src/stm32f4xx_hal_tim_ex.c 0x00000000   Number         0  stm32f4xx_hal_tim_ex.o ABSOLUTE
    ../Drivers/STM32F4xx_HAL_Driver/Src/stm32f4xx_hal_uart.c 0x00000000   Number         0  stm32f4xx_hal_uart.o ABSOLUTE
    ../clib/microlib/division.c              0x00000000   Number         0  uldiv.o ABSOLUTE
    ../clib/microlib/division.c              0x00000000   Number         0  uidiv.o ABSOLUTE
    ../clib/microlib/errno.c                 0x00000000   Number         0  errno.o ABSOLUTE
    ../clib/microlib/init/entry.s            0x00000000   Number         0  entry.o ABSOLUTE
    ../clib/microlib/init/entry.s            0x00000000   Number         0  entry10b.o ABSOLUTE
    ../clib/microlib/init/entry.s            0x00000000   Number         0  entry11a.o ABSOLUTE
    ../clib/microlib/init/entry.s            0x00000000   Number         0  entry11b.o ABSOLUTE
    ../clib/microlib/init/entry.s            0x00000000   Number         0  entry7b.o ABSOLUTE
    ../clib/microlib/init/entry.s            0x00000000   Number         0  entry8a.o ABSOLUTE
    ../clib/microlib/init/entry.s            0x00000000   Number         0  entry8b.o ABSOLUTE
    ../clib/microlib/init/entry.s            0x00000000   Number         0  entry9a.o ABSOLUTE
    ../clib/microlib/init/entry.s            0x00000000   Number         0  entry9b.o ABSOLUTE
    ../clib/microlib/init/entry.s            0x00000000   Number         0  entry10a.o ABSOLUTE
    ../clib/microlib/init/entry.s            0x00000000   Number         0  entry7a.o ABSOLUTE
    ../clib/microlib/init/entry.s            0x00000000   Number         0  entry2.o ABSOLUTE
    ../clib/microlib/init/entry.s            0x00000000   Number         0  entry5.o ABSOLUTE
    ../clib/microlib/longlong.c              0x00000000   Number         0  llsshr.o ABSOLUTE
    ../clib/microlib/longlong.c              0x00000000   Number         0  llshl.o ABSOLUTE
    ../clib/microlib/longlong.c              0x00000000   Number         0  llushr.o ABSOLUTE
    ../clib/microlib/printf/printf.c         0x00000000   Number         0  printfa.o ABSOLUTE
    ../clib/microlib/printf/printf.c         0x00000000   Number         0  printf7.o ABSOLUTE
    ../clib/microlib/printf/printf.c         0x00000000   Number         0  printf6.o ABSOLUTE
    ../clib/microlib/printf/printf.c         0x00000000   Number         0  printf8.o ABSOLUTE
    ../clib/microlib/printf/printf.c         0x00000000   Number         0  printf5.o ABSOLUTE
    ../clib/microlib/printf/printf.c         0x00000000   Number         0  printf3.o ABSOLUTE
    ../clib/microlib/printf/printf.c         0x00000000   Number         0  printfb.o ABSOLUTE
    ../clib/microlib/printf/printf.c         0x00000000   Number         0  printf1.o ABSOLUTE
    ../clib/microlib/printf/printf.c         0x00000000   Number         0  printf2.o ABSOLUTE
    ../clib/microlib/printf/printf.c         0x00000000   Number         0  printf4.o ABSOLUTE
    ../clib/microlib/printf/printf.c         0x00000000   Number         0  printf0.o ABSOLUTE
    ../clib/microlib/printf/stubs.s          0x00000000   Number         0  stubs.o ABSOLUTE
    ../clib/microlib/stdio/streams.c         0x00000000   Number         0  stdout.o ABSOLUTE
    ../clib/microlib/string/memset.c         0x00000000   Number         0  memseta.o ABSOLUTE
    ../clib/microlib/stubs.s                 0x00000000   Number         0  iusefp.o ABSOLUTE
    ../fplib/microlib/d2f.c                  0x00000000   Number         0  d2f.o ABSOLUTE
    ../fplib/microlib/f2d.c                  0x00000000   Number         0  f2d.o ABSOLUTE
    ../fplib/microlib/fpadd.c                0x00000000   Number         0  dadd.o ABSOLUTE
    ../fplib/microlib/fpdiv.c                0x00000000   Number         0  ddiv.o ABSOLUTE
    ../fplib/microlib/fpepilogue.c           0x00000000   Number         0  fepilogue.o ABSOLUTE
    ../fplib/microlib/fpepilogue.c           0x00000000   Number         0  depilogue.o ABSOLUTE
    ../fplib/microlib/fpfix.c                0x00000000   Number         0  dfixul.o ABSOLUTE
    ../fplib/microlib/fpflt.c                0x00000000   Number         0  dflti.o ABSOLUTE
    ../fplib/microlib/fpflt.c                0x00000000   Number         0  dfltui.o ABSOLUTE
    ../fplib/microlib/fpmul.c                0x00000000   Number         0  dmul.o ABSOLUTE
    ../fplib/microlib/fpsqrt.c               0x00000000   Number         0  dsqrt.o ABSOLUTE
    ../mathlib/asinf.c                       0x00000000   Number         0  asinf_x.o ABSOLUTE
    ../mathlib/asinf.c                       0x00000000   Number         0  asinf.o ABSOLUTE
    ../mathlib/atan2f.c                      0x00000000   Number         0  atan2f_x.o ABSOLUTE
    ../mathlib/atan2f.c                      0x00000000   Number         0  atan2f.o ABSOLUTE
    ../mathlib/fabs.c                        0x00000000   Number         0  fabs.o ABSOLUTE
    ../mathlib/fpclassifyf.c                 0x00000000   Number         0  fpclassifyf.o ABSOLUTE
    ../mathlib/funder.c                      0x00000000   Number         0  funder.o ABSOLUTE
    ../mathlib/sqrt.c                        0x00000000   Number         0  sqrt_x.o ABSOLUTE
    ../mathlib/sqrt.c                        0x00000000   Number         0  sqrt.o ABSOLUTE
    ../mathlib/sqrtf.c                       0x00000000   Number         0  sqrtf.o ABSOLUTE
    ../mathlib/sqrtf.c                       0x00000000   Number         0  sqrtf_x.o ABSOLUTE
    ..\Attitude\Anonymity.c                  0x00000000   Number         0  anonymity.o ABSOLUTE
    ..\Attitude\AttitudePIDController.c      0x00000000   Number         0  attitudepidcontroller.o ABSOLUTE
    ..\Attitude\AttitudeSolver.c             0x00000000   Number         0  attitudesolver.o ABSOLUTE
    ..\Attitude\GaussNewton.c                0x00000000   Number         0  gaussnewton.o ABSOLUTE
    ..\Attitude\MadgWick.c                   0x00000000   Number         0  madgwick.o ABSOLUTE
    ..\Attitude\MyMadgWick.c                 0x00000000   Number         0  mymadgwick.o ABSOLUTE
    ..\Attitude\PID.c                        0x00000000   Number         0  pid.o ABSOLUTE
    ..\BSP\MPU6050.c                         0x00000000   Number         0  mpu6050.o ABSOLUTE
    ..\BSP\Motor.c                           0x00000000   Number         0  motor.o ABSOLUTE
    ..\BSP\MyIIC.c                           0x00000000   Number         0  myiic.o ABSOLUTE
    ..\BSP\MySerial.c                        0x00000000   Number         0  myserial.o ABSOLUTE
    ..\BSP\Receiver.c                        0x00000000   Number         0  receiver.o ABSOLUTE
    ..\BSP\UpdateMotorState.c                0x00000000   Number         0  updatemotorstate.o ABSOLUTE
    ..\Core\Src\gpio.c                       0x00000000   Number         0  gpio.o ABSOLUTE
    ..\Core\Src\main.c                       0x00000000   Number         0  main.o ABSOLUTE
    ..\Core\Src\stm32f4xx_hal_msp.c          0x00000000   Number         0  stm32f4xx_hal_msp.o ABSOLUTE
    ..\Core\Src\stm32f4xx_it.c               0x00000000   Number         0  stm32f4xx_it.o ABSOLUTE
    ..\Core\Src\system_stm32f4xx.c           0x00000000   Number         0  system_stm32f4xx.o ABSOLUTE
    ..\Core\Src\tim.c                        0x00000000   Number         0  tim.o ABSOLUTE
    ..\Core\Src\usart.c                      0x00000000   Number         0  usart.o ABSOLUTE
    ..\Drivers\STM32F4xx_HAL_Driver\Src\stm32f4xx_hal.c 0x00000000   Number         0  stm32f4xx_hal.o ABSOLUTE
    ..\Drivers\STM32F4xx_HAL_Driver\Src\stm32f4xx_hal_cortex.c 0x00000000   Number         0  stm32f4xx_hal_cortex.o ABSOLUTE
    ..\Drivers\STM32F4xx_HAL_Driver\Src\stm32f4xx_hal_dma.c 0x00000000   Number         0  stm32f4xx_hal_dma.o ABSOLUTE
    ..\Drivers\STM32F4xx_HAL_Driver\Src\stm32f4xx_hal_dma_ex.c 0x00000000   Number         0  stm32f4xx_hal_dma_ex.o ABSOLUTE
    ..\Drivers\STM32F4xx_HAL_Driver\Src\stm32f4xx_hal_exti.c 0x00000000   Number         0  stm32f4xx_hal_exti.o ABSOLUTE
    ..\Drivers\STM32F4xx_HAL_Driver\Src\stm32f4xx_hal_flash.c 0x00000000   Number         0  stm32f4xx_hal_flash.o ABSOLUTE
    ..\Drivers\STM32F4xx_HAL_Driver\Src\stm32f4xx_hal_flash_ex.c 0x00000000   Number         0  stm32f4xx_hal_flash_ex.o ABSOLUTE
    ..\Drivers\STM32F4xx_HAL_Driver\Src\stm32f4xx_hal_flash_ramfunc.c 0x00000000   Number         0  stm32f4xx_hal_flash_ramfunc.o ABSOLUTE
    ..\Drivers\STM32F4xx_HAL_Driver\Src\stm32f4xx_hal_gpio.c 0x00000000   Number         0  stm32f4xx_hal_gpio.o ABSOLUTE
    ..\Drivers\STM32F4xx_HAL_Driver\Src\stm32f4xx_hal_pwr.c 0x00000000   Number         0  stm32f4xx_hal_pwr.o ABSOLUTE
    ..\Drivers\STM32F4xx_HAL_Driver\Src\stm32f4xx_hal_pwr_ex.c 0x00000000   Number         0  stm32f4xx_hal_pwr_ex.o ABSOLUTE
    ..\Drivers\STM32F4xx_HAL_Driver\Src\stm32f4xx_hal_rcc.c 0x00000000   Number         0  stm32f4xx_hal_rcc.o ABSOLUTE
    ..\Drivers\STM32F4xx_HAL_Driver\Src\stm32f4xx_hal_rcc_ex.c 0x00000000   Number         0  stm32f4xx_hal_rcc_ex.o ABSOLUTE
    ..\Drivers\STM32F4xx_HAL_Driver\Src\stm32f4xx_hal_tim.c 0x00000000   Number         0  stm32f4xx_hal_tim.o ABSOLUTE
    ..\Drivers\STM32F4xx_HAL_Driver\Src\stm32f4xx_hal_tim_ex.c 0x00000000   Number         0  stm32f4xx_hal_tim_ex.o ABSOLUTE
    ..\Drivers\STM32F4xx_HAL_Driver\Src\stm32f4xx_hal_uart.c 0x00000000   Number         0  stm32f4xx_hal_uart.o ABSOLUTE
    ..\Source\app.c                          0x00000000   Number         0  app.o ABSOLUTE
    ..\Source\switch.c                       0x00000000   Number         0  switch.o ABSOLUTE
    ..\Source\tBitMap.c                      0x00000000   Number         0  tbitmap.o ABSOLUTE
    ..\Source\tCpu.c                         0x00000000   Number         0  tcpu.o ABSOLUTE
    ..\Source\tEvent.c                       0x00000000   Number         0  tevent.o ABSOLUTE
    ..\Source\tFlagGroup.c                   0x00000000   Number         0  tflaggroup.o ABSOLUTE
    ..\Source\tHooks.c                       0x00000000   Number         0  thooks.o ABSOLUTE
    ..\Source\tList.c                        0x00000000   Number         0  tlist.o ABSOLUTE
    ..\Source\tMbox.c                        0x00000000   Number         0  tmbox.o ABSOLUTE
    ..\Source\tMemBlock.c                    0x00000000   Number         0  tmemblock.o ABSOLUTE
    ..\Source\tMutex.c                       0x00000000   Number         0  tmutex.o ABSOLUTE
    ..\Source\tSem.c                         0x00000000   Number         0  tsem.o ABSOLUTE
    ..\Source\tTask.c                        0x00000000   Number         0  ttask.o ABSOLUTE
    ..\Source\tTime.c                        0x00000000   Number         0  ttime.o ABSOLUTE
    ..\Source\tTimer.c                       0x00000000   Number         0  ttimer.o ABSOLUTE
    ..\Source\tinyOS.c                       0x00000000   Number         0  tinyos.o ABSOLUTE
    ..\\Attitude\\Anonymity.c                0x00000000   Number         0  anonymity.o ABSOLUTE
    ..\\Attitude\\AttitudePIDController.c    0x00000000   Number         0  attitudepidcontroller.o ABSOLUTE
    ..\\Attitude\\MyMadgWick.c               0x00000000   Number         0  mymadgwick.o ABSOLUTE
    ..\\Attitude\\PID.c                      0x00000000   Number         0  pid.o ABSOLUTE
    ..\\BSP\\MPU6050.c                       0x00000000   Number         0  mpu6050.o ABSOLUTE
    ..\\BSP\\Motor.c                         0x00000000   Number         0  motor.o ABSOLUTE
    ..\\BSP\\MyIIC.c                         0x00000000   Number         0  myiic.o ABSOLUTE
    ..\\BSP\\MySerial.c                      0x00000000   Number         0  myserial.o ABSOLUTE
    ..\\BSP\\Receiver.c                      0x00000000   Number         0  receiver.o ABSOLUTE
    ..\\BSP\\UpdateMotorState.c              0x00000000   Number         0  updatemotorstate.o ABSOLUTE
    ..\\Source\\app.c                        0x00000000   Number         0  app.o ABSOLUTE
    ..\\Source\\switch.c                     0x00000000   Number         0  switch.o ABSOLUTE
    ..\\Source\\tCpu.c                       0x00000000   Number         0  tcpu.o ABSOLUTE
    cdcmple.s                                0x00000000   Number         0  cdcmple.o ABSOLUTE
    cdrcmple.s                               0x00000000   Number         0  cdrcmple.o ABSOLUTE
    dc.s                                     0x00000000   Number         0  dc.o ABSOLUTE
    handlers.s                               0x00000000   Number         0  handlers.o ABSOLUTE
    init.s                                   0x00000000   Number         0  init.o ABSOLUTE
    startup_stm32f401xe.s                    0x00000000   Number         0  startup_stm32f401xe.o ABSOLUTE
    RESET                                    0x08000000   Section      404  startup_stm32f401xe.o(RESET)
    .ARM.Collect$$$$00000000                 0x08000194   Section        0  entry.o(.ARM.Collect$$$$00000000)
    .ARM.Collect$$$$00000001                 0x08000194   Section        4  entry2.o(.ARM.Collect$$$$00000001)
    .ARM.Collect$$$$00000004                 0x08000198   Section        4  entry5.o(.ARM.Collect$$$$00000004)
    .ARM.Collect$$$$00000008                 0x0800019c   Section        0  entry7b.o(.ARM.Collect$$$$00000008)
    .ARM.Collect$$$$0000000A                 0x0800019c   Section        0  entry8b.o(.ARM.Collect$$$$0000000A)
    .ARM.Collect$$$$0000000B                 0x0800019c   Section        8  entry9a.o(.ARM.Collect$$$$0000000B)
    .ARM.Collect$$$$0000000D                 0x080001a4   Section        0  entry10a.o(.ARM.Collect$$$$0000000D)
    .ARM.Collect$$$$0000000F                 0x080001a4   Section        0  entry11a.o(.ARM.Collect$$$$0000000F)
    .ARM.Collect$$$$00002712                 0x080001a4   Section        4  entry2.o(.ARM.Collect$$$$00002712)
    __lit__00000000                          0x080001a4   Data           4  entry2.o(.ARM.Collect$$$$00002712)
    .emb_text                                0x080001a8   Section       48  switch.o(.emb_text)
    $v0                                      0x080001a8   Number         0  switch.o(.emb_text)
    .text                                    0x080001d8   Section       36  startup_stm32f401xe.o(.text)
    $v0                                      0x080001d8   Number         0  startup_stm32f401xe.o(.text)
    .text                                    0x080001fc   Section        0  uldiv.o(.text)
    .text                                    0x0800025e   Section        0  memseta.o(.text)
    .text                                    0x08000282   Section        0  dadd.o(.text)
    .text                                    0x080003d0   Section        0  dmul.o(.text)
    .text                                    0x080004b4   Section        0  ddiv.o(.text)
    .text                                    0x08000594   Section       48  cdrcmple.o(.text)
    .text                                    0x080005c4   Section        0  uidiv.o(.text)
    .text                                    0x080005f0   Section        0  llshl.o(.text)
    .text                                    0x0800060e   Section        0  llushr.o(.text)
    .text                                    0x0800062e   Section        0  llsshr.o(.text)
    .text                                    0x08000652   Section        0  depilogue.o(.text)
    .text                                    0x08000652   Section        0  iusefp.o(.text)
    .text                                    0x0800070c   Section        0  dfixul.o(.text)
    .text                                    0x0800073c   Section       36  init.o(.text)
    i.BusFault_Handler                       0x08000760   Section        0  stm32f4xx_it.o(i.BusFault_Handler)
    i.DebugMon_Handler                       0x08000762   Section        0  stm32f4xx_it.o(i.DebugMon_Handler)
    i.Error_Handler                          0x08000764   Section        0  main.o(i.Error_Handler)
    i.HAL_DMA_Abort                          0x08000768   Section        0  stm32f4xx_hal_dma.o(i.HAL_DMA_Abort)
    i.HAL_DMA_Abort_IT                       0x080007fa   Section        0  stm32f4xx_hal_dma.o(i.HAL_DMA_Abort_IT)
    i.HAL_GPIO_Init                          0x08000820   Section        0  stm32f4xx_hal_gpio.o(i.HAL_GPIO_Init)
    i.HAL_GPIO_WritePin                      0x08000a00   Section        0  stm32f4xx_hal_gpio.o(i.HAL_GPIO_WritePin)
    i.HAL_GetTick                            0x08000a0c   Section        0  stm32f4xx_hal.o(i.HAL_GetTick)
    i.HAL_IncTick                            0x08000a18   Section        0  stm32f4xx_hal.o(i.HAL_IncTick)
    i.HAL_Init                               0x08000a28   Section        0  stm32f4xx_hal.o(i.HAL_Init)
    i.HAL_InitTick                           0x08000a5c   Section        0  stm32f4xx_hal.o(i.HAL_InitTick)
    i.HAL_MspInit                            0x08000a9c   Section        0  stm32f4xx_hal_msp.o(i.HAL_MspInit)
    i.HAL_NVIC_EnableIRQ                     0x08000acc   Section        0  stm32f4xx_hal_cortex.o(i.HAL_NVIC_EnableIRQ)
    i.HAL_NVIC_SetPriority                   0x08000ae8   Section        0  stm32f4xx_hal_cortex.o(i.HAL_NVIC_SetPriority)
    i.HAL_NVIC_SetPriorityGrouping           0x08000b28   Section        0  stm32f4xx_hal_cortex.o(i.HAL_NVIC_SetPriorityGrouping)
    i.HAL_RCC_ClockConfig                    0x08000b4c   Section        0  stm32f4xx_hal_rcc.o(i.HAL_RCC_ClockConfig)
    i.HAL_RCC_GetPCLK1Freq                   0x08000c80   Section        0  stm32f4xx_hal_rcc.o(i.HAL_RCC_GetPCLK1Freq)
    i.HAL_RCC_GetPCLK2Freq                   0x08000ca0   Section        0  stm32f4xx_hal_rcc.o(i.HAL_RCC_GetPCLK2Freq)
    i.HAL_RCC_GetSysClockFreq                0x08000cc0   Section        0  stm32f4xx_hal_rcc.o(i.HAL_RCC_GetSysClockFreq)
    i.HAL_RCC_OscConfig                      0x08000d20   Section        0  stm32f4xx_hal_rcc.o(i.HAL_RCC_OscConfig)
    i.HAL_SYSTICK_Config                     0x0800108c   Section        0  stm32f4xx_hal_cortex.o(i.HAL_SYSTICK_Config)
    i.HAL_TIMEx_BreakCallback                0x080010b4   Section        0  stm32f4xx_hal_tim_ex.o(i.HAL_TIMEx_BreakCallback)
    i.HAL_TIMEx_CommutCallback               0x080010b6   Section        0  stm32f4xx_hal_tim_ex.o(i.HAL_TIMEx_CommutCallback)
    i.HAL_TIMEx_MasterConfigSynchronization  0x080010b8   Section        0  stm32f4xx_hal_tim_ex.o(i.HAL_TIMEx_MasterConfigSynchronization)
    i.HAL_TIM_IC_CaptureCallback             0x08001134   Section        0  receiver.o(i.HAL_TIM_IC_CaptureCallback)
    i.HAL_TIM_IC_ConfigChannel               0x08001270   Section        0  stm32f4xx_hal_tim.o(i.HAL_TIM_IC_ConfigChannel)
    i.HAL_TIM_IC_Init                        0x0800138e   Section        0  stm32f4xx_hal_tim.o(i.HAL_TIM_IC_Init)
    i.HAL_TIM_IC_MspInit                     0x080013e8   Section        0  tim.o(i.HAL_TIM_IC_MspInit)
    i.HAL_TIM_IRQHandler                     0x08001460   Section        0  stm32f4xx_hal_tim.o(i.HAL_TIM_IRQHandler)
    i.HAL_TIM_MspPostInit                    0x080015c8   Section        0  tim.o(i.HAL_TIM_MspPostInit)
    i.HAL_TIM_OC_DelayElapsedCallback        0x08001644   Section        0  stm32f4xx_hal_tim.o(i.HAL_TIM_OC_DelayElapsedCallback)
    i.HAL_TIM_PWM_ConfigChannel              0x08001646   Section        0  stm32f4xx_hal_tim.o(i.HAL_TIM_PWM_ConfigChannel)
    i.HAL_TIM_PWM_Init                       0x08001712   Section        0  stm32f4xx_hal_tim.o(i.HAL_TIM_PWM_Init)
    i.HAL_TIM_PWM_MspInit                    0x0800176c   Section        0  tim.o(i.HAL_TIM_PWM_MspInit)
    i.HAL_TIM_PWM_PulseFinishedCallback      0x08001794   Section        0  stm32f4xx_hal_tim.o(i.HAL_TIM_PWM_PulseFinishedCallback)
    i.HAL_TIM_PeriodElapsedCallback          0x08001796   Section        0  stm32f4xx_hal_tim.o(i.HAL_TIM_PeriodElapsedCallback)
    i.HAL_TIM_ReadCapturedValue              0x08001798   Section        0  stm32f4xx_hal_tim.o(i.HAL_TIM_ReadCapturedValue)
    i.HAL_TIM_TriggerCallback                0x080017c2   Section        0  stm32f4xx_hal_tim.o(i.HAL_TIM_TriggerCallback)
    i.HAL_UARTEx_RxEventCallback             0x080017c4   Section        0  stm32f4xx_hal_uart.o(i.HAL_UARTEx_RxEventCallback)
    i.HAL_UART_ErrorCallback                 0x080017c6   Section        0  stm32f4xx_hal_uart.o(i.HAL_UART_ErrorCallback)
    i.HAL_UART_IRQHandler                    0x080017c8   Section        0  stm32f4xx_hal_uart.o(i.HAL_UART_IRQHandler)
    i.HAL_UART_Init                          0x08001a30   Section        0  stm32f4xx_hal_uart.o(i.HAL_UART_Init)
    i.HAL_UART_MspInit                       0x08001a94   Section        0  usart.o(i.HAL_UART_MspInit)
    i.HAL_UART_Receive_IT                    0x08001b10   Section        0  stm32f4xx_hal_uart.o(i.HAL_UART_Receive_IT)
    i.HAL_UART_RxCpltCallback                0x08001b3c   Section        0  myserial.o(i.HAL_UART_RxCpltCallback)
    i.HAL_UART_Transmit                      0x08001b60   Section        0  stm32f4xx_hal_uart.o(i.HAL_UART_Transmit)
    i.HAL_UART_TxCpltCallback                0x08001c12   Section        0  stm32f4xx_hal_uart.o(i.HAL_UART_TxCpltCallback)
    i.HardFault_Handler                      0x08001c14   Section        0  stm32f4xx_it.o(i.HardFault_Handler)
    i.MX_GPIO_Init                           0x08001c18   Section        0  gpio.o(i.MX_GPIO_Init)
    i.MX_TIM3_Init                           0x08001c98   Section        0  tim.o(i.MX_TIM3_Init)
    i.MX_TIM4_Init                           0x08001d38   Section        0  tim.o(i.MX_TIM4_Init)
    i.MX_USART1_UART_Init                    0x08001dd4   Section        0  usart.o(i.MX_USART1_UART_Init)
    i.MapPWMWidthToValue                     0x08001e0c   Section        0  receiver.o(i.MapPWMWidthToValue)
    MapPWMWidthToValue                       0x08001e0d   Thumb Code   328  receiver.o(i.MapPWMWidthToValue)
    i.MemManage_Handler                      0x08001f78   Section        0  stm32f4xx_it.o(i.MemManage_Handler)
    i.MySerial_Init                          0x08001f7c   Section        0  myserial.o(i.MySerial_Init)
    i.NMI_Handler                            0x08001f90   Section        0  stm32f4xx_it.o(i.NMI_Handler)
    i.SVC_Handler                            0x08001f92   Section        0  stm32f4xx_it.o(i.SVC_Handler)
    i.SysTick_Handler                        0x08001f94   Section        0  tcpu.o(i.SysTick_Handler)
    i.SystemClock_Config                     0x08001fa4   Section        0  main.o(i.SystemClock_Config)
    i.SystemInit                             0x08002038   Section        0  system_stm32f4xx.o(i.SystemInit)
    i.TIM4_IRQHandler                        0x08002048   Section        0  stm32f4xx_it.o(i.TIM4_IRQHandler)
    i.TIM_Base_SetConfig                     0x08002054   Section        0  stm32f4xx_hal_tim.o(i.TIM_Base_SetConfig)
    i.TIM_OC1_SetConfig                      0x080020ec   Section        0  stm32f4xx_hal_tim.o(i.TIM_OC1_SetConfig)
    TIM_OC1_SetConfig                        0x080020ed   Thumb Code    74  stm32f4xx_hal_tim.o(i.TIM_OC1_SetConfig)
    i.TIM_OC2_SetConfig                      0x0800213c   Section        0  stm32f4xx_hal_tim.o(i.TIM_OC2_SetConfig)
    i.TIM_OC3_SetConfig                      0x08002194   Section        0  stm32f4xx_hal_tim.o(i.TIM_OC3_SetConfig)
    TIM_OC3_SetConfig                        0x08002195   Thumb Code    82  stm32f4xx_hal_tim.o(i.TIM_OC3_SetConfig)
    i.TIM_OC4_SetConfig                      0x080021ec   Section        0  stm32f4xx_hal_tim.o(i.TIM_OC4_SetConfig)
    TIM_OC4_SetConfig                        0x080021ed   Thumb Code    64  stm32f4xx_hal_tim.o(i.TIM_OC4_SetConfig)
    i.TIM_TI1_SetConfig                      0x08002230   Section        0  stm32f4xx_hal_tim.o(i.TIM_TI1_SetConfig)
    i.TIM_TI2_SetConfig                      0x0800229c   Section        0  stm32f4xx_hal_tim.o(i.TIM_TI2_SetConfig)
    TIM_TI2_SetConfig                        0x0800229d   Thumb Code    54  stm32f4xx_hal_tim.o(i.TIM_TI2_SetConfig)
    i.UART_DMAAbortOnError                   0x080022d2   Section        0  stm32f4xx_hal_uart.o(i.UART_DMAAbortOnError)
    UART_DMAAbortOnError                     0x080022d3   Thumb Code    16  stm32f4xx_hal_uart.o(i.UART_DMAAbortOnError)
    i.UART_EndRxTransfer                     0x080022e2   Section        0  stm32f4xx_hal_uart.o(i.UART_EndRxTransfer)
    UART_EndRxTransfer                       0x080022e3   Thumb Code    78  stm32f4xx_hal_uart.o(i.UART_EndRxTransfer)
    i.UART_Receive_IT                        0x08002330   Section        0  stm32f4xx_hal_uart.o(i.UART_Receive_IT)
    UART_Receive_IT                          0x08002331   Thumb Code   192  stm32f4xx_hal_uart.o(i.UART_Receive_IT)
    i.UART_SetConfig                         0x080023f0   Section        0  stm32f4xx_hal_uart.o(i.UART_SetConfig)
    UART_SetConfig                           0x080023f1   Thumb Code   258  stm32f4xx_hal_uart.o(i.UART_SetConfig)
    i.UART_Start_Receive_IT                  0x080024fc   Section        0  stm32f4xx_hal_uart.o(i.UART_Start_Receive_IT)
    i.UART_WaitOnFlagUntilTimeout            0x08002536   Section        0  stm32f4xx_hal_uart.o(i.UART_WaitOnFlagUntilTimeout)
    UART_WaitOnFlagUntilTimeout              0x08002537   Thumb Code   120  stm32f4xx_hal_uart.o(i.UART_WaitOnFlagUntilTimeout)
    i.USART1_IRQHandler                      0x080025b0   Section        0  stm32f4xx_it.o(i.USART1_IRQHandler)
    i.UsageFault_Handler                     0x080025bc   Section        0  stm32f4xx_it.o(i.UsageFault_Handler)
    i.__0printf                              0x080025c0   Section        0  printfa.o(i.__0printf)
    i.__NVIC_SetPriority                     0x080025e0   Section        0  stm32f4xx_hal_cortex.o(i.__NVIC_SetPriority)
    __NVIC_SetPriority                       0x080025e1   Thumb Code    32  stm32f4xx_hal_cortex.o(i.__NVIC_SetPriority)
    i.__scatterload_copy                     0x08002600   Section       14  handlers.o(i.__scatterload_copy)
    i.__scatterload_null                     0x0800260e   Section        2  handlers.o(i.__scatterload_null)
    i.__scatterload_zeroinit                 0x08002610   Section       14  handlers.o(i.__scatterload_zeroinit)
    i._fp_digits                             0x08002620   Section        0  printfa.o(i._fp_digits)
    _fp_digits                               0x08002621   Thumb Code   366  printfa.o(i._fp_digits)
    i._printf_core                           0x080027a4   Section        0  printfa.o(i._printf_core)
    _printf_core                             0x080027a5   Thumb Code  1744  printfa.o(i._printf_core)
    i._printf_post_padding                   0x08002e80   Section        0  printfa.o(i._printf_post_padding)
    _printf_post_padding                     0x08002e81   Thumb Code    36  printfa.o(i._printf_post_padding)
    i._printf_pre_padding                    0x08002ea4   Section        0  printfa.o(i._printf_pre_padding)
    _printf_pre_padding                      0x08002ea5   Thumb Code    46  printfa.o(i._printf_pre_padding)
    i.fputc                                  0x08002ed4   Section        0  myserial.o(i.fputc)
    i.idleTaskEntry                          0x08002eec   Section        0  main.o(i.idleTaskEntry)
    i.main                                   0x08002f14   Section        0  main.o(i.main)
    i.tBitMapClear                           0x08002f40   Section        0  tbitmap.o(i.tBitMapClear)
    i.tBitMapGetFirstSet                     0x08002f4c   Section        0  tbitmap.o(i.tBitMapGetFirstSet)
    i.tBitMapInit                            0x08002f94   Section        0  tbitmap.o(i.tBitMapInit)
    i.tBitMapSet                             0x08002f9a   Section        0  tbitmap.o(i.tBitMapSet)
    i.tEventRemoveTask                       0x08002fa6   Section        0  tevent.o(i.tEventRemoveTask)
    i.tInitApp                               0x08002fdc   Section        0  app.o(i.tInitApp)
    i.tListAddFirst                          0x0800305c   Section        0  tlist.o(i.tListAddFirst)
    i.tListAddLast                           0x08003074   Section        0  tlist.o(i.tListAddLast)
    i.tListCount                             0x08003088   Section        0  tlist.o(i.tListCount)
    i.tListFirst                             0x0800308c   Section        0  tlist.o(i.tListFirst)
    i.tListInit                              0x08003098   Section        0  tlist.o(i.tListInit)
    i.tListRemove                            0x080030a2   Section        0  tlist.o(i.tListRemove)
    i.tListRemoveFirst                       0x080030b4   Section        0  tlist.o(i.tListRemoveFirst)
    i.tNodeInit                              0x080030ce   Section        0  tlist.o(i.tNodeInit)
    i.tSetSysTickPeriod                      0x080030d4   Section        0  tcpu.o(i.tSetSysTickPeriod)
    i.tTaskDelay                             0x08003104   Section        0  ttime.o(i.tTaskDelay)
    i.tTaskEnterCritical                     0x08003130   Section        0  switch.o(i.tTaskEnterCritical)
    i.tTaskExitCritical                      0x08003138   Section        0  switch.o(i.tTaskExitCritical)
    i.tTaskHighestReady                      0x08003140   Section        0  tinyos.o(i.tTaskHighestReady)
    i.tTaskInit                              0x08003164   Section        0  ttask.o(i.tTaskInit)
    i.tTaskRunFirst                          0x08003210   Section        0  switch.o(i.tTaskRunFirst)
    i.tTaskSched                             0x0800322c   Section        0  tinyos.o(i.tTaskSched)
    i.tTaskSchedInit                         0x08003258   Section        0  tinyos.o(i.tTaskSchedInit)
    i.tTaskSchedRdy                          0x08003298   Section        0  tinyos.o(i.tTaskSchedRdy)
    i.tTaskSchedUnRdy                        0x080032c4   Section        0  tinyos.o(i.tTaskSchedUnRdy)
    i.tTaskSwitch                            0x08003304   Section        0  switch.o(i.tTaskSwitch)
    i.tTaskSystemTickHandler                 0x08003314   Section        0  tinyos.o(i.tTaskSystemTickHandler)
    i.tTimeTaskWait                          0x080033b0   Section        0  tinyos.o(i.tTimeTaskWait)
    i.tTimeTaskWakeUp                        0x080033d0   Section        0  tinyos.o(i.tTimeTaskWakeUp)
    i.tTinyOSInit                            0x080033ec   Section        0  tinyos.o(i.tTinyOSInit)
    i.tTinyOSStart                           0x08003400   Section        0  tinyos.o(i.tTinyOSStart)
    i.task1Entry                             0x08003418   Section        0  app.o(i.task1Entry)
    i.task2Entry                             0x08003438   Section        0  app.o(i.task2Entry)
    i.task3Entry                             0x08003458   Section        0  app.o(i.task3Entry)
    i.task4Entry                             0x08003478   Section        0  app.o(i.task4Entry)
    .constdata                               0x08003498   Section       16  system_stm32f4xx.o(.constdata)
    .constdata                               0x080034a8   Section        8  system_stm32f4xx.o(.constdata)
    .constdata                               0x080034b0   Section      256  tbitmap.o(.constdata)
    quickFindTable                           0x080034b0   Data         256  tbitmap.o(.constdata)
    .data                                    0x20000000   Section       12  stm32f4xx_hal.o(.data)
    .data                                    0x2000000c   Section        4  system_stm32f4xx.o(.data)
    .data                                    0x20000010   Section        8  myserial.o(.data)
    .data                                    0x20000018   Section       20  receiver.o(.data)
    isRisingEdge                             0x20000018   Data           4  receiver.o(.data)
    curMapVal                                0x2000001c   Data          16  receiver.o(.data)
    .data                                    0x2000002c   Section       16  tinyos.o(.data)
    .data                                    0x2000003c   Section        4  stdout.o(.data)
    .bss                                     0x20000040   Section     4176  main.o(.bss)
    .bss                                     0x20001090   Section      144  tim.o(.bss)
    .bss                                     0x20001120   Section       68  usart.o(.bss)
    .bss                                     0x20001164   Section       30  myserial.o(.bss)
    .bss                                     0x20001184   Section       64  receiver.o(.bss)
    risingEdgeTime                           0x20001184   Data          16  receiver.o(.bss)
    fallingEdgeTime                          0x20001194   Data          16  receiver.o(.bss)
    pwmWidth                                 0x200011a4   Data          16  receiver.o(.bss)
    pwmMapVal                                0x200011b4   Data          16  receiver.o(.bss)
    .bss                                     0x200011c4   Section    16704  app.o(.bss)
    .bss                                     0x20005304   Section      396  tinyos.o(.bss)
    STACK                                    0x20005490   Section     1024  startup_stm32f401xe.o(STACK)

    Global Symbols

    Symbol Name                              Value     Ov Type        Size  Object(Section)

    BuildAttributes$$THM_ISAv4$E$P$D$K$B$S$7EM$VFPi3$EXTD16$VFPS$VFMA$PE$A:L22UL41UL21$X:L11$S22US41US21$IEEE1$IW$USESV6$~STKCKD$USESV7$~SHL$OTIME$ROPI$IEEEX$EBA8$MICROLIB$REQ8$PRES8$EABIv2 0x00000000   Number         0  anon$$obj.o ABSOLUTE
    __ARM_use_no_argv                        0x00000000   Number         0  main.o ABSOLUTE
    _printf_a                                0x00000000   Number         0  stubs.o ABSOLUTE
    _printf_c                                0x00000000   Number         0  stubs.o ABSOLUTE
    _printf_charcount                        0x00000000   Number         0  stubs.o ABSOLUTE
    _printf_d                                0x00000000   Number         0  stubs.o ABSOLUTE
    _printf_e                                0x00000000   Number         0  stubs.o ABSOLUTE
    _printf_f                                0x00000000   Number         0  stubs.o ABSOLUTE
    _printf_flags                            0x00000000   Number         0  stubs.o ABSOLUTE
    _printf_fp_dec                           0x00000000   Number         0  stubs.o ABSOLUTE
    _printf_fp_hex                           0x00000000   Number         0  stubs.o ABSOLUTE
    _printf_g                                0x00000000   Number         0  stubs.o ABSOLUTE
    _printf_i                                0x00000000   Number         0  stubs.o ABSOLUTE
    _printf_int_dec                          0x00000000   Number         0  stubs.o ABSOLUTE
    _printf_l                                0x00000000   Number         0  stubs.o ABSOLUTE
    _printf_lc                               0x00000000   Number         0  stubs.o ABSOLUTE
    _printf_ll                               0x00000000   Number         0  stubs.o ABSOLUTE
    _printf_lld                              0x00000000   Number         0  stubs.o ABSOLUTE
    _printf_lli                              0x00000000   Number         0  stubs.o ABSOLUTE
    _printf_llo                              0x00000000   Number         0  stubs.o ABSOLUTE
    _printf_llu                              0x00000000   Number         0  stubs.o ABSOLUTE
    _printf_llx                              0x00000000   Number         0  stubs.o ABSOLUTE
    _printf_longlong_dec                     0x00000000   Number         0  stubs.o ABSOLUTE
    _printf_longlong_hex                     0x00000000   Number         0  stubs.o ABSOLUTE
    _printf_longlong_oct                     0x00000000   Number         0  stubs.o ABSOLUTE
    _printf_ls                               0x00000000   Number         0  stubs.o ABSOLUTE
    _printf_mbtowc                           0x00000000   Number         0  stubs.o ABSOLUTE
    _printf_n                                0x00000000   Number         0  stubs.o ABSOLUTE
    _printf_o                                0x00000000   Number         0  stubs.o ABSOLUTE
    _printf_p                                0x00000000   Number         0  stubs.o ABSOLUTE
    _printf_percent                          0x00000000   Number         0  stubs.o ABSOLUTE
    _printf_pre_padding                      0x00000000   Number         0  stubs.o ABSOLUTE
    _printf_return_value                     0x00000000   Number         0  stubs.o ABSOLUTE
    _printf_s                                0x00000000   Number         0  stubs.o ABSOLUTE
    _printf_sizespec                         0x00000000   Number         0  stubs.o ABSOLUTE
    _printf_str                              0x00000000   Number         0  stubs.o ABSOLUTE
    _printf_truncate_signed                  0x00000000   Number         0  stubs.o ABSOLUTE
    _printf_truncate_unsigned                0x00000000   Number         0  stubs.o ABSOLUTE
    _printf_u                                0x00000000   Number         0  stubs.o ABSOLUTE
    _printf_wc                               0x00000000   Number         0  stubs.o ABSOLUTE
    _printf_wctomb                           0x00000000   Number         0  stubs.o ABSOLUTE
    _printf_widthprec                        0x00000000   Number         0  stubs.o ABSOLUTE
    _printf_x                                0x00000000   Number         0  stubs.o ABSOLUTE
    __cpp_initialize__aeabi_                  - Undefined Weak Reference
    __cxa_finalize                            - Undefined Weak Reference
    __decompress                              - Undefined Weak Reference
    _clock_init                               - Undefined Weak Reference
    _microlib_exit                            - Undefined Weak Reference
    __Vectors_Size                           0x00000194   Number         0  startup_stm32f401xe.o ABSOLUTE
    __Vectors                                0x08000000   Data           4  startup_stm32f401xe.o(RESET)
    __Vectors_End                            0x08000194   Data           0  startup_stm32f401xe.o(RESET)
    __main                                   0x08000195   Thumb Code     0  entry.o(.ARM.Collect$$$$00000000)
    _main_stk                                0x08000195   Thumb Code     0  entry2.o(.ARM.Collect$$$$00000001)
    _main_scatterload                        0x08000199   Thumb Code     0  entry5.o(.ARM.Collect$$$$00000004)
    __main_after_scatterload                 0x0800019d   Thumb Code     0  entry5.o(.ARM.Collect$$$$00000004)
    _main_clock                              0x0800019d   Thumb Code     0  entry7b.o(.ARM.Collect$$$$00000008)
    _main_cpp_init                           0x0800019d   Thumb Code     0  entry8b.o(.ARM.Collect$$$$0000000A)
    _main_init                               0x0800019d   Thumb Code     0  entry9a.o(.ARM.Collect$$$$0000000B)
    __rt_final_cpp                           0x080001a5   Thumb Code     0  entry10a.o(.ARM.Collect$$$$0000000D)
    __rt_final_exit                          0x080001a5   Thumb Code     0  entry11a.o(.ARM.Collect$$$$0000000F)
    PendSV_Handler                           0x080001a9   Thumb Code    40  switch.o(.emb_text)
    Reset_Handler                            0x080001d9   Thumb Code     8  startup_stm32f401xe.o(.text)
    ADC_IRQHandler                           0x080001f3   Thumb Code     0  startup_stm32f401xe.o(.text)
    DMA1_Stream0_IRQHandler                  0x080001f3   Thumb Code     0  startup_stm32f401xe.o(.text)
    DMA1_Stream1_IRQHandler                  0x080001f3   Thumb Code     0  startup_stm32f401xe.o(.text)
    DMA1_Stream2_IRQHandler                  0x080001f3   Thumb Code     0  startup_stm32f401xe.o(.text)
    DMA1_Stream3_IRQHandler                  0x080001f3   Thumb Code     0  startup_stm32f401xe.o(.text)
    DMA1_Stream4_IRQHandler                  0x080001f3   Thumb Code     0  startup_stm32f401xe.o(.text)
    DMA1_Stream5_IRQHandler                  0x080001f3   Thumb Code     0  startup_stm32f401xe.o(.text)
    DMA1_Stream6_IRQHandler                  0x080001f3   Thumb Code     0  startup_stm32f401xe.o(.text)
    DMA1_Stream7_IRQHandler                  0x080001f3   Thumb Code     0  startup_stm32f401xe.o(.text)
    DMA2_Stream0_IRQHandler                  0x080001f3   Thumb Code     0  startup_stm32f401xe.o(.text)
    DMA2_Stream1_IRQHandler                  0x080001f3   Thumb Code     0  startup_stm32f401xe.o(.text)
    DMA2_Stream2_IRQHandler                  0x080001f3   Thumb Code     0  startup_stm32f401xe.o(.text)
    DMA2_Stream3_IRQHandler                  0x080001f3   Thumb Code     0  startup_stm32f401xe.o(.text)
    DMA2_Stream4_IRQHandler                  0x080001f3   Thumb Code     0  startup_stm32f401xe.o(.text)
    DMA2_Stream5_IRQHandler                  0x080001f3   Thumb Code     0  startup_stm32f401xe.o(.text)
    DMA2_Stream6_IRQHandler                  0x080001f3   Thumb Code     0  startup_stm32f401xe.o(.text)
    DMA2_Stream7_IRQHandler                  0x080001f3   Thumb Code     0  startup_stm32f401xe.o(.text)
    EXTI0_IRQHandler                         0x080001f3   Thumb Code     0  startup_stm32f401xe.o(.text)
    EXTI15_10_IRQHandler                     0x080001f3   Thumb Code     0  startup_stm32f401xe.o(.text)
    EXTI1_IRQHandler                         0x080001f3   Thumb Code     0  startup_stm32f401xe.o(.text)
    EXTI2_IRQHandler                         0x080001f3   Thumb Code     0  startup_stm32f401xe.o(.text)
    EXTI3_IRQHandler                         0x080001f3   Thumb Code     0  startup_stm32f401xe.o(.text)
    EXTI4_IRQHandler                         0x080001f3   Thumb Code     0  startup_stm32f401xe.o(.text)
    EXTI9_5_IRQHandler                       0x080001f3   Thumb Code     0  startup_stm32f401xe.o(.text)
    FLASH_IRQHandler                         0x080001f3   Thumb Code     0  startup_stm32f401xe.o(.text)
    FPU_IRQHandler                           0x080001f3   Thumb Code     0  startup_stm32f401xe.o(.text)
    I2C1_ER_IRQHandler                       0x080001f3   Thumb Code     0  startup_stm32f401xe.o(.text)
    I2C1_EV_IRQHandler                       0x080001f3   Thumb Code     0  startup_stm32f401xe.o(.text)
    I2C2_ER_IRQHandler                       0x080001f3   Thumb Code     0  startup_stm32f401xe.o(.text)
    I2C2_EV_IRQHandler                       0x080001f3   Thumb Code     0  startup_stm32f401xe.o(.text)
    I2C3_ER_IRQHandler                       0x080001f3   Thumb Code     0  startup_stm32f401xe.o(.text)
    I2C3_EV_IRQHandler                       0x080001f3   Thumb Code     0  startup_stm32f401xe.o(.text)
    OTG_FS_IRQHandler                        0x080001f3   Thumb Code     0  startup_stm32f401xe.o(.text)
    OTG_FS_WKUP_IRQHandler                   0x080001f3   Thumb Code     0  startup_stm32f401xe.o(.text)
    PVD_IRQHandler                           0x080001f3   Thumb Code     0  startup_stm32f401xe.o(.text)
    RCC_IRQHandler                           0x080001f3   Thumb Code     0  startup_stm32f401xe.o(.text)
    RTC_Alarm_IRQHandler                     0x080001f3   Thumb Code     0  startup_stm32f401xe.o(.text)
    RTC_WKUP_IRQHandler                      0x080001f3   Thumb Code     0  startup_stm32f401xe.o(.text)
    SDIO_IRQHandler                          0x080001f3   Thumb Code     0  startup_stm32f401xe.o(.text)
    SPI1_IRQHandler                          0x080001f3   Thumb Code     0  startup_stm32f401xe.o(.text)
    SPI2_IRQHandler                          0x080001f3   Thumb Code     0  startup_stm32f401xe.o(.text)
    SPI3_IRQHandler                          0x080001f3   Thumb Code     0  startup_stm32f401xe.o(.text)
    SPI4_IRQHandler                          0x080001f3   Thumb Code     0  startup_stm32f401xe.o(.text)
    TAMP_STAMP_IRQHandler                    0x080001f3   Thumb Code     0  startup_stm32f401xe.o(.text)
    TIM1_BRK_TIM9_IRQHandler                 0x080001f3   Thumb Code     0  startup_stm32f401xe.o(.text)
    TIM1_CC_IRQHandler                       0x080001f3   Thumb Code     0  startup_stm32f401xe.o(.text)
    TIM1_TRG_COM_TIM11_IRQHandler            0x080001f3   Thumb Code     0  startup_stm32f401xe.o(.text)
    TIM1_UP_TIM10_IRQHandler                 0x080001f3   Thumb Code     0  startup_stm32f401xe.o(.text)
    TIM2_IRQHandler                          0x080001f3   Thumb Code     0  startup_stm32f401xe.o(.text)
    TIM3_IRQHandler                          0x080001f3   Thumb Code     0  startup_stm32f401xe.o(.text)
    TIM5_IRQHandler                          0x080001f3   Thumb Code     0  startup_stm32f401xe.o(.text)
    USART2_IRQHandler                        0x080001f3   Thumb Code     0  startup_stm32f401xe.o(.text)
    USART6_IRQHandler                        0x080001f3   Thumb Code     0  startup_stm32f401xe.o(.text)
    WWDG_IRQHandler                          0x080001f3   Thumb Code     0  startup_stm32f401xe.o(.text)
    __aeabi_uldivmod                         0x080001fd   Thumb Code    98  uldiv.o(.text)
    __aeabi_memset                           0x0800025f   Thumb Code    14  memseta.o(.text)
    __aeabi_memset4                          0x0800025f   Thumb Code     0  memseta.o(.text)
    __aeabi_memset8                          0x0800025f   Thumb Code     0  memseta.o(.text)
    __aeabi_memclr                           0x0800026d   Thumb Code     4  memseta.o(.text)
    __aeabi_memclr4                          0x0800026d   Thumb Code     0  memseta.o(.text)
    __aeabi_memclr8                          0x0800026d   Thumb Code     0  memseta.o(.text)
    _memset$wrapper                          0x08000271   Thumb Code    18  memseta.o(.text)
    __aeabi_dadd                             0x08000283   Thumb Code   322  dadd.o(.text)
    __aeabi_dsub                             0x080003c5   Thumb Code     6  dadd.o(.text)
    __aeabi_drsub                            0x080003cb   Thumb Code     6  dadd.o(.text)
    __aeabi_dmul                             0x080003d1   Thumb Code   228  dmul.o(.text)
    __aeabi_ddiv                             0x080004b5   Thumb Code   222  ddiv.o(.text)
    __aeabi_cdrcmple                         0x08000595   Thumb Code    48  cdrcmple.o(.text)
    __aeabi_uidiv                            0x080005c5   Thumb Code     0  uidiv.o(.text)
    __aeabi_uidivmod                         0x080005c5   Thumb Code    44  uidiv.o(.text)
    __aeabi_llsl                             0x080005f1   Thumb Code    30  llshl.o(.text)
    _ll_shift_l                              0x080005f1   Thumb Code     0  llshl.o(.text)
    __aeabi_llsr                             0x0800060f   Thumb Code    32  llushr.o(.text)
    _ll_ushift_r                             0x0800060f   Thumb Code     0  llushr.o(.text)
    __aeabi_lasr                             0x0800062f   Thumb Code    36  llsshr.o(.text)
    _ll_sshift_r                             0x0800062f   Thumb Code     0  llsshr.o(.text)
    __I$use$fp                               0x08000653   Thumb Code     0  iusefp.o(.text)
    _double_round                            0x08000653   Thumb Code    30  depilogue.o(.text)
    _double_epilogue                         0x08000671   Thumb Code   156  depilogue.o(.text)
    __aeabi_d2ulz                            0x0800070d   Thumb Code    48  dfixul.o(.text)
    __scatterload                            0x0800073d   Thumb Code    28  init.o(.text)
    __scatterload_rt2                        0x0800073d   Thumb Code     0  init.o(.text)
    BusFault_Handler                         0x08000761   Thumb Code     2  stm32f4xx_it.o(i.BusFault_Handler)
    DebugMon_Handler                         0x08000763   Thumb Code     2  stm32f4xx_it.o(i.DebugMon_Handler)
    Error_Handler                            0x08000765   Thumb Code     4  main.o(i.Error_Handler)
    HAL_DMA_Abort                            0x08000769   Thumb Code   146  stm32f4xx_hal_dma.o(i.HAL_DMA_Abort)
    HAL_DMA_Abort_IT                         0x080007fb   Thumb Code    36  stm32f4xx_hal_dma.o(i.HAL_DMA_Abort_IT)
    HAL_GPIO_Init                            0x08000821   Thumb Code   446  stm32f4xx_hal_gpio.o(i.HAL_GPIO_Init)
    HAL_GPIO_WritePin                        0x08000a01   Thumb Code    10  stm32f4xx_hal_gpio.o(i.HAL_GPIO_WritePin)
    HAL_GetTick                              0x08000a0d   Thumb Code     6  stm32f4xx_hal.o(i.HAL_GetTick)
    HAL_IncTick                              0x08000a19   Thumb Code    12  stm32f4xx_hal.o(i.HAL_IncTick)
    HAL_Init                                 0x08000a29   Thumb Code    48  stm32f4xx_hal.o(i.HAL_Init)
    HAL_InitTick                             0x08000a5d   Thumb Code    54  stm32f4xx_hal.o(i.HAL_InitTick)
    HAL_MspInit                              0x08000a9d   Thumb Code    42  stm32f4xx_hal_msp.o(i.HAL_MspInit)
    HAL_NVIC_EnableIRQ                       0x08000acd   Thumb Code    26  stm32f4xx_hal_cortex.o(i.HAL_NVIC_EnableIRQ)
    HAL_NVIC_SetPriority                     0x08000ae9   Thumb Code    60  stm32f4xx_hal_cortex.o(i.HAL_NVIC_SetPriority)
    HAL_NVIC_SetPriorityGrouping             0x08000b29   Thumb Code    26  stm32f4xx_hal_cortex.o(i.HAL_NVIC_SetPriorityGrouping)
    HAL_RCC_ClockConfig                      0x08000b4d   Thumb Code   288  stm32f4xx_hal_rcc.o(i.HAL_RCC_ClockConfig)
    HAL_RCC_GetPCLK1Freq                     0x08000c81   Thumb Code    20  stm32f4xx_hal_rcc.o(i.HAL_RCC_GetPCLK1Freq)
    HAL_RCC_GetPCLK2Freq                     0x08000ca1   Thumb Code    20  stm32f4xx_hal_rcc.o(i.HAL_RCC_GetPCLK2Freq)
    HAL_RCC_GetSysClockFreq                  0x08000cc1   Thumb Code    88  stm32f4xx_hal_rcc.o(i.HAL_RCC_GetSysClockFreq)
    HAL_RCC_OscConfig                        0x08000d21   Thumb Code   856  stm32f4xx_hal_rcc.o(i.HAL_RCC_OscConfig)
    HAL_SYSTICK_Config                       0x0800108d   Thumb Code    40  stm32f4xx_hal_cortex.o(i.HAL_SYSTICK_Config)
    HAL_TIMEx_BreakCallback                  0x080010b5   Thumb Code     2  stm32f4xx_hal_tim_ex.o(i.HAL_TIMEx_BreakCallback)
    HAL_TIMEx_CommutCallback                 0x080010b7   Thumb Code     2  stm32f4xx_hal_tim_ex.o(i.HAL_TIMEx_CommutCallback)
    HAL_TIMEx_MasterConfigSynchronization    0x080010b9   Thumb Code   104  stm32f4xx_hal_tim_ex.o(i.HAL_TIMEx_MasterConfigSynchronization)
    HAL_TIM_IC_CaptureCallback               0x08001135   Thumb Code   304  receiver.o(i.HAL_TIM_IC_CaptureCallback)
    HAL_TIM_IC_ConfigChannel                 0x08001271   Thumb Code   286  stm32f4xx_hal_tim.o(i.HAL_TIM_IC_ConfigChannel)
    HAL_TIM_IC_Init                          0x0800138f   Thumb Code    90  stm32f4xx_hal_tim.o(i.HAL_TIM_IC_Init)
    HAL_TIM_IC_MspInit                       0x080013e9   Thumb Code   106  tim.o(i.HAL_TIM_IC_MspInit)
    HAL_TIM_IRQHandler                       0x08001461   Thumb Code   358  stm32f4xx_hal_tim.o(i.HAL_TIM_IRQHandler)
    HAL_TIM_MspPostInit                      0x080015c9   Thumb Code   106  tim.o(i.HAL_TIM_MspPostInit)
    HAL_TIM_OC_DelayElapsedCallback          0x08001645   Thumb Code     2  stm32f4xx_hal_tim.o(i.HAL_TIM_OC_DelayElapsedCallback)
    HAL_TIM_PWM_ConfigChannel                0x08001647   Thumb Code   204  stm32f4xx_hal_tim.o(i.HAL_TIM_PWM_ConfigChannel)
    HAL_TIM_PWM_Init                         0x08001713   Thumb Code    90  stm32f4xx_hal_tim.o(i.HAL_TIM_PWM_Init)
    HAL_TIM_PWM_MspInit                      0x0800176d   Thumb Code    30  tim.o(i.HAL_TIM_PWM_MspInit)
    HAL_TIM_PWM_PulseFinishedCallback        0x08001795   Thumb Code     2  stm32f4xx_hal_tim.o(i.HAL_TIM_PWM_PulseFinishedCallback)
    HAL_TIM_PeriodElapsedCallback            0x08001797   Thumb Code     2  stm32f4xx_hal_tim.o(i.HAL_TIM_PeriodElapsedCallback)
    HAL_TIM_ReadCapturedValue                0x08001799   Thumb Code    42  stm32f4xx_hal_tim.o(i.HAL_TIM_ReadCapturedValue)
    HAL_TIM_TriggerCallback                  0x080017c3   Thumb Code     2  stm32f4xx_hal_tim.o(i.HAL_TIM_TriggerCallback)
    HAL_UARTEx_RxEventCallback               0x080017c5   Thumb Code     2  stm32f4xx_hal_uart.o(i.HAL_UARTEx_RxEventCallback)
    HAL_UART_ErrorCallback                   0x080017c7   Thumb Code     2  stm32f4xx_hal_uart.o(i.HAL_UART_ErrorCallback)
    HAL_UART_IRQHandler                      0x080017c9   Thumb Code   610  stm32f4xx_hal_uart.o(i.HAL_UART_IRQHandler)
    HAL_UART_Init                            0x08001a31   Thumb Code    98  stm32f4xx_hal_uart.o(i.HAL_UART_Init)
    HAL_UART_MspInit                         0x08001a95   Thumb Code   110  usart.o(i.HAL_UART_MspInit)
    HAL_UART_Receive_IT                      0x08001b11   Thumb Code    42  stm32f4xx_hal_uart.o(i.HAL_UART_Receive_IT)
    HAL_UART_RxCpltCallback                  0x08001b3d   Thumb Code    24  myserial.o(i.HAL_UART_RxCpltCallback)
    HAL_UART_Transmit                        0x08001b61   Thumb Code   178  stm32f4xx_hal_uart.o(i.HAL_UART_Transmit)
    HAL_UART_TxCpltCallback                  0x08001c13   Thumb Code     2  stm32f4xx_hal_uart.o(i.HAL_UART_TxCpltCallback)
    HardFault_Handler                        0x08001c15   Thumb Code     2  stm32f4xx_it.o(i.HardFault_Handler)
    MX_GPIO_Init                             0x08001c19   Thumb Code   118  gpio.o(i.MX_GPIO_Init)
    MX_TIM3_Init                             0x08001c99   Thumb Code   152  tim.o(i.MX_TIM3_Init)
    MX_TIM4_Init                             0x08001d39   Thumb Code   148  tim.o(i.MX_TIM4_Init)
    MX_USART1_UART_Init                      0x08001dd5   Thumb Code    48  usart.o(i.MX_USART1_UART_Init)
    MemManage_Handler                        0x08001f79   Thumb Code     2  stm32f4xx_it.o(i.MemManage_Handler)
    MySerial_Init                            0x08001f7d   Thumb Code    10  myserial.o(i.MySerial_Init)
    NMI_Handler                              0x08001f91   Thumb Code     2  stm32f4xx_it.o(i.NMI_Handler)
    SVC_Handler                              0x08001f93   Thumb Code     2  stm32f4xx_it.o(i.SVC_Handler)
    SysTick_Handler                          0x08001f95   Thumb Code    14  tcpu.o(i.SysTick_Handler)
    SystemClock_Config                       0x08001fa5   Thumb Code   138  main.o(i.SystemClock_Config)
    SystemInit                               0x08002039   Thumb Code    12  system_stm32f4xx.o(i.SystemInit)
    TIM4_IRQHandler                          0x08002049   Thumb Code     6  stm32f4xx_it.o(i.TIM4_IRQHandler)
    TIM_Base_SetConfig                       0x08002055   Thumb Code   122  stm32f4xx_hal_tim.o(i.TIM_Base_SetConfig)
    TIM_OC2_SetConfig                        0x0800213d   Thumb Code    84  stm32f4xx_hal_tim.o(i.TIM_OC2_SetConfig)
    TIM_TI1_SetConfig                        0x08002231   Thumb Code    88  stm32f4xx_hal_tim.o(i.TIM_TI1_SetConfig)
    UART_Start_Receive_IT                    0x080024fd   Thumb Code    58  stm32f4xx_hal_uart.o(i.UART_Start_Receive_IT)
    USART1_IRQHandler                        0x080025b1   Thumb Code     6  stm32f4xx_it.o(i.USART1_IRQHandler)
    UsageFault_Handler                       0x080025bd   Thumb Code     2  stm32f4xx_it.o(i.UsageFault_Handler)
    __0printf                                0x080025c1   Thumb Code    22  printfa.o(i.__0printf)
    __1printf                                0x080025c1   Thumb Code     0  printfa.o(i.__0printf)
    __2printf                                0x080025c1   Thumb Code     0  printfa.o(i.__0printf)
    __c89printf                              0x080025c1   Thumb Code     0  printfa.o(i.__0printf)
    printf                                   0x080025c1   Thumb Code     0  printfa.o(i.__0printf)
    __scatterload_copy                       0x08002601   Thumb Code    14  handlers.o(i.__scatterload_copy)
    __scatterload_null                       0x0800260f   Thumb Code     2  handlers.o(i.__scatterload_null)
    __scatterload_zeroinit                   0x08002611   Thumb Code    14  handlers.o(i.__scatterload_zeroinit)
    fputc                                    0x08002ed5   Thumb Code    20  myserial.o(i.fputc)
    idleTaskEntry                            0x08002eed   Thumb Code    40  main.o(i.idleTaskEntry)
    main                                     0x08002f15   Thumb Code    36  main.o(i.main)
    tBitMapClear                             0x08002f41   Thumb Code    12  tbitmap.o(i.tBitMapClear)
    tBitMapGetFirstSet                       0x08002f4d   Thumb Code    68  tbitmap.o(i.tBitMapGetFirstSet)
    tBitMapInit                              0x08002f95   Thumb Code     6  tbitmap.o(i.tBitMapInit)
    tBitMapSet                               0x08002f9b   Thumb Code    12  tbitmap.o(i.tBitMapSet)
    tEventRemoveTask                         0x08002fa7   Thumb Code    54  tevent.o(i.tEventRemoveTask)
    tInitApp                                 0x08002fdd   Thumb Code    96  app.o(i.tInitApp)
    tListAddFirst                            0x0800305d   Thumb Code    24  tlist.o(i.tListAddFirst)
    tListAddLast                             0x08003075   Thumb Code    20  tlist.o(i.tListAddLast)
    tListCount                               0x08003089   Thumb Code     4  tlist.o(i.tListCount)
    tListFirst                               0x0800308d   Thumb Code    12  tlist.o(i.tListFirst)
    tListInit                                0x08003099   Thumb Code    10  tlist.o(i.tListInit)
    tListRemove                              0x080030a3   Thumb Code    18  tlist.o(i.tListRemove)
    tListRemoveFirst                         0x080030b5   Thumb Code    26  tlist.o(i.tListRemoveFirst)
    tNodeInit                                0x080030cf   Thumb Code     6  tlist.o(i.tNodeInit)
    tSetSysTickPeriod                        0x080030d5   Thumb Code    40  tcpu.o(i.tSetSysTickPeriod)
    tTaskDelay                               0x08003105   Thumb Code    40  ttime.o(i.tTaskDelay)
    tTaskEnterCritical                       0x08003131   Thumb Code     8  switch.o(i.tTaskEnterCritical)
    tTaskExitCritical                        0x08003139   Thumb Code     6  switch.o(i.tTaskExitCritical)
    tTaskHighestReady                        0x08003141   Thumb Code    26  tinyos.o(i.tTaskHighestReady)
    tTaskInit                                0x08003165   Thumb Code   172  ttask.o(i.tTaskInit)
    tTaskRunFirst                            0x08003211   Thumb Code    22  switch.o(i.tTaskRunFirst)
    tTaskSched                               0x0800322d   Thumb Code    40  tinyos.o(i.tTaskSched)
    tTaskSchedInit                           0x08003259   Thumb Code    56  tinyos.o(i.tTaskSchedInit)
    tTaskSchedRdy                            0x08003299   Thumb Code    36  tinyos.o(i.tTaskSchedRdy)
    tTaskSchedUnRdy                          0x080032c5   Thumb Code    56  tinyos.o(i.tTaskSchedUnRdy)
    tTaskSwitch                              0x08003305   Thumb Code    10  switch.o(i.tTaskSwitch)
    tTaskSystemTickHandler                   0x08003315   Thumb Code   144  tinyos.o(i.tTaskSystemTickHandler)
    tTimeTaskWait                            0x080033b1   Thumb Code    26  tinyos.o(i.tTimeTaskWait)
    tTimeTaskWakeUp                          0x080033d1   Thumb Code    24  tinyos.o(i.tTimeTaskWakeUp)
    tTinyOSInit                              0x080033ed   Thumb Code    16  tinyos.o(i.tTinyOSInit)
    tTinyOSStart                             0x08003401   Thumb Code    18  tinyos.o(i.tTinyOSStart)
    task1Entry                               0x08003419   Thumb Code    14  app.o(i.task1Entry)
    task2Entry                               0x08003439   Thumb Code    14  app.o(i.task2Entry)
    task3Entry                               0x08003459   Thumb Code    14  app.o(i.task3Entry)
    task4Entry                               0x08003479   Thumb Code    14  app.o(i.task4Entry)
    AHBPrescTable                            0x08003498   Data          16  system_stm32f4xx.o(.constdata)
    APBPrescTable                            0x080034a8   Data           8  system_stm32f4xx.o(.constdata)
    Region$$Table$$Base                      0x080035b0   Number         0  anon$$obj.o(Region$$Table)
    Region$$Table$$Limit                     0x080035d0   Number         0  anon$$obj.o(Region$$Table)
    uwTickFreq                               0x20000000   Data           1  stm32f4xx_hal.o(.data)
    uwTickPrio                               0x20000004   Data           4  stm32f4xx_hal.o(.data)
    uwTick                                   0x20000008   Data           4  stm32f4xx_hal.o(.data)
    SystemCoreClock                          0x2000000c   Data           4  system_stm32f4xx.o(.data)
    dat                                      0x20000010   Data           1  myserial.o(.data)
    pointer                                  0x20000014   Data           4  myserial.o(.data)
    schedLockCounter                         0x2000002c   Data           1  tinyos.o(.data)
    curTask                                  0x20000030   Data           4  tinyos.o(.data)
    nextTask                                 0x20000034   Data           4  tinyos.o(.data)
    taskPrioBitMap                           0x20000038   Data           4  tinyos.o(.data)
    __stdout                                 0x2000003c   Data           4  stdout.o(.data)
    tTaskIdle                                0x20000040   Data          80  main.o(.bss)
    idleTaskEnv                              0x20000090   Data        4096  main.o(.bss)
    htim3                                    0x20001090   Data          72  tim.o(.bss)
    htim4                                    0x200010d8   Data          72  tim.o(.bss)
    huart1                                   0x20001120   Data          68  usart.o(.bss)
    data                                     0x20001164   Data          30  myserial.o(.bss)
    Ttask1                                   0x200011c4   Data          80  app.o(.bss)
    Ttask2                                   0x20001214   Data          80  app.o(.bss)
    Ttask3                                   0x20001264   Data          80  app.o(.bss)
    Ttask4                                   0x200012b4   Data          80  app.o(.bss)
    task1Stack                               0x20001304   Data        4096  app.o(.bss)
    task2Stack                               0x20002304   Data        4096  app.o(.bss)
    task3Stack                               0x20003304   Data        4096  app.o(.bss)
    task4Stack                               0x20004304   Data        4096  app.o(.bss)
    taskTable                                0x20005304   Data         384  tinyos.o(.bss)
    tTaskDelayedList                         0x20005484   Data          12  tinyos.o(.bss)
    __initial_sp                             0x20005890   Data           0  startup_stm32f401xe.o(STACK)



==============================================================================

Memory Map of the image

  Image Entry point : 0x08000195

  Load Region LR_IROM1 (Base: 0x08000000, Size: 0x00003610, Max: 0x00080000, ABSOLUTE)

    Execution Region ER_IROM1 (Exec base: 0x08000000, Load base: 0x08000000, Size: 0x000035d0, Max: 0x00080000, ABSOLUTE)

    Exec Addr    Load Addr    Size         Type   Attr      Idx    E Section Name        Object

    0x08000000   0x08000000   0x00000194   Data   RO            3    RESET               startup_stm32f401xe.o
    0x08000194   0x08000194   0x00000000   Code   RO         4362  * .ARM.Collect$$$$00000000  mc_w.l(entry.o)
    0x08000194   0x08000194   0x00000004   Code   RO         4676    .ARM.Collect$$$$00000001  mc_w.l(entry2.o)
    0x08000198   0x08000198   0x00000004   Code   RO         4679    .ARM.Collect$$$$00000004  mc_w.l(entry5.o)
    0x0800019c   0x0800019c   0x00000000   Code   RO         4681    .ARM.Collect$$$$00000008  mc_w.l(entry7b.o)
    0x0800019c   0x0800019c   0x00000000   Code   RO         4683    .ARM.Collect$$$$0000000A  mc_w.l(entry8b.o)
    0x0800019c   0x0800019c   0x00000008   Code   RO         4684    .ARM.Collect$$$$0000000B  mc_w.l(entry9a.o)
    0x080001a4   0x080001a4   0x00000000   Code   RO         4686    .ARM.Collect$$$$0000000D  mc_w.l(entry10a.o)
    0x080001a4   0x080001a4   0x00000000   Code   RO         4688    .ARM.Collect$$$$0000000F  mc_w.l(entry11a.o)
    0x080001a4   0x080001a4   0x00000004   Code   RO         4677    .ARM.Collect$$$$00002712  mc_w.l(entry2.o)
    0x080001a8   0x080001a8   0x00000030   Code   RO         3856    .emb_text           switch.o
    0x080001d8   0x080001d8   0x00000024   Code   RO            4    .text               startup_stm32f401xe.o
    0x080001fc   0x080001fc   0x00000062   Code   RO         4365    .text               mc_w.l(uldiv.o)
    0x0800025e   0x0800025e   0x00000024   Code   RO         4367    .text               mc_w.l(memseta.o)
    0x08000282   0x08000282   0x0000014e   Code   RO         4630    .text               mf_w.l(dadd.o)
    0x080003d0   0x080003d0   0x000000e4   Code   RO         4632    .text               mf_w.l(dmul.o)
    0x080004b4   0x080004b4   0x000000de   Code   RO         4634    .text               mf_w.l(ddiv.o)
    0x08000592   0x08000592   0x00000002   PAD
    0x08000594   0x08000594   0x00000030   Code   RO         4644    .text               mf_w.l(cdrcmple.o)
    0x080005c4   0x080005c4   0x0000002c   Code   RO         4691    .text               mc_w.l(uidiv.o)
    0x080005f0   0x080005f0   0x0000001e   Code   RO         4693    .text               mc_w.l(llshl.o)
    0x0800060e   0x0800060e   0x00000020   Code   RO         4695    .text               mc_w.l(llushr.o)
    0x0800062e   0x0800062e   0x00000024   Code   RO         4697    .text               mc_w.l(llsshr.o)
    0x08000652   0x08000652   0x00000000   Code   RO         4706    .text               mc_w.l(iusefp.o)
    0x08000652   0x08000652   0x000000ba   Code   RO         4709    .text               mf_w.l(depilogue.o)
    0x0800070c   0x0800070c   0x00000030   Code   RO         4713    .text               mf_w.l(dfixul.o)
    0x0800073c   0x0800073c   0x00000024   Code   RO         4715    .text               mc_w.l(init.o)
    0x08000760   0x08000760   0x00000002   Code   RO          382    i.BusFault_Handler  stm32f4xx_it.o
    0x08000762   0x08000762   0x00000002   Code   RO          383    i.DebugMon_Handler  stm32f4xx_it.o
    0x08000764   0x08000764   0x00000004   Code   RO           13    i.Error_Handler     main.o
    0x08000768   0x08000768   0x00000092   Code   RO         1941    i.HAL_DMA_Abort     stm32f4xx_hal_dma.o
    0x080007fa   0x080007fa   0x00000024   Code   RO         1942    i.HAL_DMA_Abort_IT  stm32f4xx_hal_dma.o
    0x0800081e   0x0800081e   0x00000002   PAD
    0x08000820   0x08000820   0x000001e0   Code   RO         1834    i.HAL_GPIO_Init     stm32f4xx_hal_gpio.o
    0x08000a00   0x08000a00   0x0000000a   Code   RO         1838    i.HAL_GPIO_WritePin  stm32f4xx_hal_gpio.o
    0x08000a0a   0x08000a0a   0x00000002   PAD
    0x08000a0c   0x08000a0c   0x0000000c   Code   RO         2390    i.HAL_GetTick       stm32f4xx_hal.o
    0x08000a18   0x08000a18   0x00000010   Code   RO         2396    i.HAL_IncTick       stm32f4xx_hal.o
    0x08000a28   0x08000a28   0x00000034   Code   RO         2397    i.HAL_Init          stm32f4xx_hal.o
    0x08000a5c   0x08000a5c   0x00000040   Code   RO         2398    i.HAL_InitTick      stm32f4xx_hal.o
    0x08000a9c   0x08000a9c   0x00000030   Code   RO          458    i.HAL_MspInit       stm32f4xx_hal_msp.o
    0x08000acc   0x08000acc   0x0000001a   Code   RO         2247    i.HAL_NVIC_EnableIRQ  stm32f4xx_hal_cortex.o
    0x08000ae6   0x08000ae6   0x00000002   PAD
    0x08000ae8   0x08000ae8   0x00000040   Code   RO         2253    i.HAL_NVIC_SetPriority  stm32f4xx_hal_cortex.o
    0x08000b28   0x08000b28   0x00000024   Code   RO         2254    i.HAL_NVIC_SetPriorityGrouping  stm32f4xx_hal_cortex.o
    0x08000b4c   0x08000b4c   0x00000134   Code   RO         1456    i.HAL_RCC_ClockConfig  stm32f4xx_hal_rcc.o
    0x08000c80   0x08000c80   0x00000020   Code   RO         1463    i.HAL_RCC_GetPCLK1Freq  stm32f4xx_hal_rcc.o
    0x08000ca0   0x08000ca0   0x00000020   Code   RO         1464    i.HAL_RCC_GetPCLK2Freq  stm32f4xx_hal_rcc.o
    0x08000cc0   0x08000cc0   0x00000060   Code   RO         1465    i.HAL_RCC_GetSysClockFreq  stm32f4xx_hal_rcc.o
    0x08000d20   0x08000d20   0x0000036c   Code   RO         1468    i.HAL_RCC_OscConfig  stm32f4xx_hal_rcc.o
    0x0800108c   0x0800108c   0x00000028   Code   RO         2258    i.HAL_SYSTICK_Config  stm32f4xx_hal_cortex.o
    0x080010b4   0x080010b4   0x00000002   Code   RO         1188    i.HAL_TIMEx_BreakCallback  stm32f4xx_hal_tim_ex.o
    0x080010b6   0x080010b6   0x00000002   Code   RO         1189    i.HAL_TIMEx_CommutCallback  stm32f4xx_hal_tim_ex.o
    0x080010b8   0x080010b8   0x0000007c   Code   RO         1207    i.HAL_TIMEx_MasterConfigSynchronization  stm32f4xx_hal_tim_ex.o
    0x08001134   0x08001134   0x0000013c   Code   RO         3384    i.HAL_TIM_IC_CaptureCallback  receiver.o
    0x08001270   0x08001270   0x0000011e   Code   RO          520    i.HAL_TIM_IC_ConfigChannel  stm32f4xx_hal_tim.o
    0x0800138e   0x0800138e   0x0000005a   Code   RO          523    i.HAL_TIM_IC_Init   stm32f4xx_hal_tim.o
    0x080013e8   0x080013e8   0x00000078   Code   RO          275    i.HAL_TIM_IC_MspInit  tim.o
    0x08001460   0x08001460   0x00000166   Code   RO          532    i.HAL_TIM_IRQHandler  stm32f4xx_hal_tim.o
    0x080015c6   0x080015c6   0x00000002   PAD
    0x080015c8   0x080015c8   0x0000007c   Code   RO          276    i.HAL_TIM_MspPostInit  tim.o
    0x08001644   0x08001644   0x00000002   Code   RO          535    i.HAL_TIM_OC_DelayElapsedCallback  stm32f4xx_hal_tim.o
    0x08001646   0x08001646   0x000000cc   Code   RO          556    i.HAL_TIM_PWM_ConfigChannel  stm32f4xx_hal_tim.o
    0x08001712   0x08001712   0x0000005a   Code   RO          559    i.HAL_TIM_PWM_Init  stm32f4xx_hal_tim.o
    0x0800176c   0x0800176c   0x00000028   Code   RO          278    i.HAL_TIM_PWM_MspInit  tim.o
    0x08001794   0x08001794   0x00000002   Code   RO          562    i.HAL_TIM_PWM_PulseFinishedCallback  stm32f4xx_hal_tim.o
    0x08001796   0x08001796   0x00000002   Code   RO          570    i.HAL_TIM_PeriodElapsedCallback  stm32f4xx_hal_tim.o
    0x08001798   0x08001798   0x0000002a   Code   RO          572    i.HAL_TIM_ReadCapturedValue  stm32f4xx_hal_tim.o
    0x080017c2   0x080017c2   0x00000002   Code   RO          575    i.HAL_TIM_TriggerCallback  stm32f4xx_hal_tim.o
    0x080017c4   0x080017c4   0x00000002   Code   RO         2646    i.HAL_UARTEx_RxEventCallback  stm32f4xx_hal_uart.o
    0x080017c6   0x080017c6   0x00000002   Code   RO         2660    i.HAL_UART_ErrorCallback  stm32f4xx_hal_uart.o
    0x080017c8   0x080017c8   0x00000268   Code   RO         2663    i.HAL_UART_IRQHandler  stm32f4xx_hal_uart.o
    0x08001a30   0x08001a30   0x00000062   Code   RO         2664    i.HAL_UART_Init     stm32f4xx_hal_uart.o
    0x08001a92   0x08001a92   0x00000002   PAD
    0x08001a94   0x08001a94   0x0000007c   Code   RO          341    i.HAL_UART_MspInit  usart.o
    0x08001b10   0x08001b10   0x0000002a   Code   RO         2669    i.HAL_UART_Receive_IT  stm32f4xx_hal_uart.o
    0x08001b3a   0x08001b3a   0x00000002   PAD
    0x08001b3c   0x08001b3c   0x00000024   Code   RO         3332    i.HAL_UART_RxCpltCallback  myserial.o
    0x08001b60   0x08001b60   0x000000b2   Code   RO         2672    i.HAL_UART_Transmit  stm32f4xx_hal_uart.o
    0x08001c12   0x08001c12   0x00000002   Code   RO         2675    i.HAL_UART_TxCpltCallback  stm32f4xx_hal_uart.o
    0x08001c14   0x08001c14   0x00000002   Code   RO          384    i.HardFault_Handler  stm32f4xx_it.o
    0x08001c16   0x08001c16   0x00000002   PAD
    0x08001c18   0x08001c18   0x00000080   Code   RO          250    i.MX_GPIO_Init      gpio.o
    0x08001c98   0x08001c98   0x000000a0   Code   RO          279    i.MX_TIM3_Init      tim.o
    0x08001d38   0x08001d38   0x0000009c   Code   RO          280    i.MX_TIM4_Init      tim.o
    0x08001dd4   0x08001dd4   0x00000038   Code   RO          342    i.MX_USART1_UART_Init  usart.o
    0x08001e0c   0x08001e0c   0x0000016c   Code   RO         3385    i.MapPWMWidthToValue  receiver.o
    0x08001f78   0x08001f78   0x00000002   Code   RO          385    i.MemManage_Handler  stm32f4xx_it.o
    0x08001f7a   0x08001f7a   0x00000002   PAD
    0x08001f7c   0x08001f7c   0x00000014   Code   RO         3333    i.MySerial_Init     myserial.o
    0x08001f90   0x08001f90   0x00000002   Code   RO          386    i.NMI_Handler       stm32f4xx_it.o
    0x08001f92   0x08001f92   0x00000002   Code   RO          387    i.SVC_Handler       stm32f4xx_it.o
    0x08001f94   0x08001f94   0x0000000e   Code   RO         3942    i.SysTick_Handler   tcpu.o
    0x08001fa2   0x08001fa2   0x00000002   PAD
    0x08001fa4   0x08001fa4   0x00000094   Code   RO           14    i.SystemClock_Config  main.o
    0x08002038   0x08002038   0x00000010   Code   RO         2993    i.SystemInit        system_stm32f4xx.o
    0x08002048   0x08002048   0x0000000c   Code   RO          388    i.TIM4_IRQHandler   stm32f4xx_it.o
    0x08002054   0x08002054   0x00000098   Code   RO          577    i.TIM_Base_SetConfig  stm32f4xx_hal_tim.o
    0x080020ec   0x080020ec   0x00000050   Code   RO          590    i.TIM_OC1_SetConfig  stm32f4xx_hal_tim.o
    0x0800213c   0x0800213c   0x00000058   Code   RO          591    i.TIM_OC2_SetConfig  stm32f4xx_hal_tim.o
    0x08002194   0x08002194   0x00000058   Code   RO          592    i.TIM_OC3_SetConfig  stm32f4xx_hal_tim.o
    0x080021ec   0x080021ec   0x00000044   Code   RO          593    i.TIM_OC4_SetConfig  stm32f4xx_hal_tim.o
    0x08002230   0x08002230   0x0000006c   Code   RO          596    i.TIM_TI1_SetConfig  stm32f4xx_hal_tim.o
    0x0800229c   0x0800229c   0x00000036   Code   RO          598    i.TIM_TI2_SetConfig  stm32f4xx_hal_tim.o
    0x080022d2   0x080022d2   0x00000010   Code   RO         2677    i.UART_DMAAbortOnError  stm32f4xx_hal_uart.o
    0x080022e2   0x080022e2   0x0000004e   Code   RO         2687    i.UART_EndRxTransfer  stm32f4xx_hal_uart.o
    0x08002330   0x08002330   0x000000c0   Code   RO         2689    i.UART_Receive_IT   stm32f4xx_hal_uart.o
    0x080023f0   0x080023f0   0x0000010c   Code   RO         2690    i.UART_SetConfig    stm32f4xx_hal_uart.o
    0x080024fc   0x080024fc   0x0000003a   Code   RO         2692    i.UART_Start_Receive_IT  stm32f4xx_hal_uart.o
    0x08002536   0x08002536   0x00000078   Code   RO         2693    i.UART_WaitOnFlagUntilTimeout  stm32f4xx_hal_uart.o
    0x080025ae   0x080025ae   0x00000002   PAD
    0x080025b0   0x080025b0   0x0000000c   Code   RO          389    i.USART1_IRQHandler  stm32f4xx_it.o
    0x080025bc   0x080025bc   0x00000002   Code   RO          390    i.UsageFault_Handler  stm32f4xx_it.o
    0x080025be   0x080025be   0x00000002   PAD
    0x080025c0   0x080025c0   0x00000020   Code   RO         4602    i.__0printf         mc_w.l(printfa.o)
    0x080025e0   0x080025e0   0x00000020   Code   RO         2260    i.__NVIC_SetPriority  stm32f4xx_hal_cortex.o
    0x08002600   0x08002600   0x0000000e   Code   RO         4719    i.__scatterload_copy  mc_w.l(handlers.o)
    0x0800260e   0x0800260e   0x00000002   Code   RO         4720    i.__scatterload_null  mc_w.l(handlers.o)
    0x08002610   0x08002610   0x0000000e   Code   RO         4721    i.__scatterload_zeroinit  mc_w.l(handlers.o)
    0x0800261e   0x0800261e   0x00000002   PAD
    0x08002620   0x08002620   0x00000184   Code   RO         4609    i._fp_digits        mc_w.l(printfa.o)
    0x080027a4   0x080027a4   0x000006dc   Code   RO         4610    i._printf_core      mc_w.l(printfa.o)
    0x08002e80   0x08002e80   0x00000024   Code   RO         4611    i._printf_post_padding  mc_w.l(printfa.o)
    0x08002ea4   0x08002ea4   0x0000002e   Code   RO         4612    i._printf_pre_padding  mc_w.l(printfa.o)
    0x08002ed2   0x08002ed2   0x00000002   PAD
    0x08002ed4   0x08002ed4   0x00000018   Code   RO         3336    i.fputc             myserial.o
    0x08002eec   0x08002eec   0x00000028   Code   RO           15    i.idleTaskEntry     main.o
    0x08002f14   0x08002f14   0x0000002c   Code   RO           16    i.main              main.o
    0x08002f40   0x08002f40   0x0000000c   Code   RO         3902    i.tBitMapClear      tbitmap.o
    0x08002f4c   0x08002f4c   0x00000048   Code   RO         3903    i.tBitMapGetFirstSet  tbitmap.o
    0x08002f94   0x08002f94   0x00000006   Code   RO         3904    i.tBitMapInit       tbitmap.o
    0x08002f9a   0x08002f9a   0x0000000c   Code   RO         3906    i.tBitMapSet        tbitmap.o
    0x08002fa6   0x08002fa6   0x00000036   Code   RO         3975    i.tEventRemoveTask  tevent.o
    0x08002fdc   0x08002fdc   0x00000080   Code   RO         3801    i.tInitApp          app.o
    0x0800305c   0x0800305c   0x00000018   Code   RO         4033    i.tListAddFirst     tlist.o
    0x08003074   0x08003074   0x00000014   Code   RO         4034    i.tListAddLast      tlist.o
    0x08003088   0x08003088   0x00000004   Code   RO         4035    i.tListCount        tlist.o
    0x0800308c   0x0800308c   0x0000000c   Code   RO         4036    i.tListFirst        tlist.o
    0x08003098   0x08003098   0x0000000a   Code   RO         4037    i.tListInit         tlist.o
    0x080030a2   0x080030a2   0x00000012   Code   RO         4042    i.tListRemove       tlist.o
    0x080030b4   0x080030b4   0x0000001a   Code   RO         4044    i.tListRemoveFirst  tlist.o
    0x080030ce   0x080030ce   0x00000006   Code   RO         4045    i.tNodeInit         tlist.o
    0x080030d4   0x080030d4   0x00000030   Code   RO         3943    i.tSetSysTickPeriod  tcpu.o
    0x08003104   0x08003104   0x0000002c   Code   RO         4201    i.tTaskDelay        ttime.o
    0x08003130   0x08003130   0x00000008   Code   RO         3857    i.tTaskEnterCritical  switch.o
    0x08003138   0x08003138   0x00000006   Code   RO         3858    i.tTaskExitCritical  switch.o
    0x0800313e   0x0800313e   0x00000002   PAD
    0x08003140   0x08003140   0x00000024   Code   RO         4220    i.tTaskHighestReady  tinyos.o
    0x08003164   0x08003164   0x000000ac   Code   RO         4144    i.tTaskInit         ttask.o
    0x08003210   0x08003210   0x0000001c   Code   RO         3859    i.tTaskRunFirst     switch.o
    0x0800322c   0x0800322c   0x0000002c   Code   RO         4221    i.tTaskSched        tinyos.o
    0x08003258   0x08003258   0x00000040   Code   RO         4224    i.tTaskSchedInit    tinyos.o
    0x08003298   0x08003298   0x0000002c   Code   RO         4225    i.tTaskSchedRdy     tinyos.o
    0x080032c4   0x080032c4   0x00000040   Code   RO         4227    i.tTaskSchedUnRdy   tinyos.o
    0x08003304   0x08003304   0x00000010   Code   RO         3860    i.tTaskSwitch       switch.o
    0x08003314   0x08003314   0x0000009c   Code   RO         4228    i.tTaskSystemTickHandler  tinyos.o
    0x080033b0   0x080033b0   0x00000020   Code   RO         4230    i.tTimeTaskWait     tinyos.o
    0x080033d0   0x080033d0   0x0000001c   Code   RO         4231    i.tTimeTaskWakeUp   tinyos.o
    0x080033ec   0x080033ec   0x00000014   Code   RO         4232    i.tTinyOSInit       tinyos.o
    0x08003400   0x08003400   0x00000018   Code   RO         4233    i.tTinyOSStart      tinyos.o
    0x08003418   0x08003418   0x00000020   Code   RO         3802    i.task1Entry        app.o
    0x08003438   0x08003438   0x00000020   Code   RO         3803    i.task2Entry        app.o
    0x08003458   0x08003458   0x00000020   Code   RO         3804    i.task3Entry        app.o
    0x08003478   0x08003478   0x00000020   Code   RO         3805    i.task4Entry        app.o
    0x08003498   0x08003498   0x00000010   Data   RO         2994    .constdata          system_stm32f4xx.o
    0x080034a8   0x080034a8   0x00000008   Data   RO         2995    .constdata          system_stm32f4xx.o
    0x080034b0   0x080034b0   0x00000100   Data   RO         3907    .constdata          tbitmap.o
    0x080035b0   0x080035b0   0x00000020   Data   RO         4717    Region$$Table       anon$$obj.o


    Execution Region RW_IRAM1 (Exec base: 0x20000000, Load base: 0x080035d0, Size: 0x00005890, Max: 0x00018000, ABSOLUTE)

    Exec Addr    Load Addr    Size         Type   Attr      Idx    E Section Name        Object

    0x20000000   0x080035d0   0x0000000c   Data   RW         2404    .data               stm32f4xx_hal.o
    0x2000000c   0x080035dc   0x00000004   Data   RW         2996    .data               system_stm32f4xx.o
    0x20000010   0x080035e0   0x00000008   Data   RW         3338    .data               myserial.o
    0x20000018   0x080035e8   0x00000014   Data   RW         3389    .data               receiver.o
    0x2000002c   0x080035fc   0x00000010   Data   RW         4235    .data               tinyos.o
    0x2000003c   0x0800360c   0x00000004   Data   RW         4690    .data               mc_w.l(stdout.o)
    0x20000040        -       0x00001050   Zero   RW           17    .bss                main.o
    0x20001090        -       0x00000090   Zero   RW          281    .bss                tim.o
    0x20001120        -       0x00000044   Zero   RW          343    .bss                usart.o
    0x20001164        -       0x0000001e   Zero   RW         3337    .bss                myserial.o
    0x20001182   0x08003610   0x00000002   PAD
    0x20001184        -       0x00000040   Zero   RW         3388    .bss                receiver.o
    0x200011c4        -       0x00004140   Zero   RW         3806    .bss                app.o
    0x20005304        -       0x0000018c   Zero   RW         4234    .bss                tinyos.o
    0x20005490        -       0x00000400   Zero   RW            1    STACK               startup_stm32f401xe.o


==============================================================================

Image component sizes


      Code (inc. data)   RO Data    RW Data    ZI Data      Debug   Object Name

       256        104          0          0      16704       3193   app.o
       128         10          0          0          0        943   gpio.o
       236         18          0          0       4176     423796   main.o
         0          0          0          0          0     352320   mpu6050.o
        80         26          0          8         30       2020   myserial.o
       680         48          0         20         64       2985   receiver.o
        36          8        404          0       1024        848   startup_stm32f401xe.o
       144         24          0         12          0       8585   stm32f4xx_hal.o
       198         14          0          0          0      33911   stm32f4xx_hal_cortex.o
       182          0          0          0          0       2075   stm32f4xx_hal_dma.o
       490         34          0          0          0       2144   stm32f4xx_hal_gpio.o
        48          6          0          0          0        842   stm32f4xx_hal_msp.o
      1344         72          0          0          0       5192   stm32f4xx_hal_rcc.o
      1716         70          0          0          0      13976   stm32f4xx_hal_tim.o
       128         20          0          0          0       2425   stm32f4xx_hal_tim_ex.o
      1672         16          0          0          0      11292   stm32f4xx_hal_uart.o
        38         12          0          0          0       4113   stm32f4xx_it.o
       106         20          0          0          0       7623   switch.o
        16          4         24          4          0       1103   system_stm32f4xx.o
       102          4        256          0          0       2451   tbitmap.o
        62          8          0          0          0      31185   tcpu.o
        54          0          0          0          0        955   tevent.o
       600         58          0          0        144       3721   tim.o
       512         70          0         16        396       6340   tinyos.o
       120          0          0          0          0       4378   tlist.o
       172          0          0          0          0        960   ttask.o
        44          4          0          0          0        553   ttime.o
       180         22          0          0         68       1694   usart.o

    ----------------------------------------------------------------------
      9368        672        716         60      22608     931623   Object Totals
         0          0         32          0          0          0   (incl. Generated)
        24          0          0          0          2          0   (incl. Padding)

    ----------------------------------------------------------------------

      Code (inc. data)   RO Data    RW Data    ZI Data      Debug   Library Member Name

         0          0          0          0          0          0   entry.o
         0          0          0          0          0          0   entry10a.o
         0          0          0          0          0          0   entry11a.o
         8          4          0          0          0          0   entry2.o
         4          0          0          0          0          0   entry5.o
         0          0          0          0          0          0   entry7b.o
         0          0          0          0          0          0   entry8b.o
         8          4          0          0          0          0   entry9a.o
        30          0          0          0          0          0   handlers.o
        36          8          0          0          0         68   init.o
         0          0          0          0          0          0   iusefp.o
        30          0          0          0          0         68   llshl.o
        36          0          0          0          0         68   llsshr.o
        32          0          0          0          0         68   llushr.o
        36          0          0          0          0        108   memseta.o
      2258         90          0          0          0        452   printfa.o
         0          0          0          4          0          0   stdout.o
        44          0          0          0          0         80   uidiv.o
        98          0          0          0          0         92   uldiv.o
        48          0          0          0          0         68   cdrcmple.o
       334          0          0          0          0        148   dadd.o
       222          0          0          0          0        100   ddiv.o
       186          0          0          0          0        176   depilogue.o
        48          0          0          0          0         68   dfixul.o
       228          0          0          0          0         96   dmul.o

    ----------------------------------------------------------------------
      3692        106          0          4          0       1660   Library Totals
         6          0          0          0          0          0   (incl. Padding)

    ----------------------------------------------------------------------

      Code (inc. data)   RO Data    RW Data    ZI Data      Debug   Library Name

      2620        106          0          4          0       1004   mc_w.l
      1066          0          0          0          0        656   mf_w.l

    ----------------------------------------------------------------------
      3692        106          0          4          0       1660   Library Totals

    ----------------------------------------------------------------------

==============================================================================


      Code (inc. data)   RO Data    RW Data    ZI Data      Debug   

     13060        778        716         64      22608     921855   Grand Totals
     13060        778        716         64      22608     921855   ELF Image Totals
     13060        778        716         64          0          0   ROM Totals

==============================================================================

    Total RO  Size (Code + RO Data)                13776 (  13.45kB)
    Total RW  Size (RW Data + ZI Data)             22672 (  22.14kB)
    Total ROM Size (Code + RO Data + RW Data)      13840 (  13.52kB)

==============================================================================

